[export] task1 -> C:\Users\KENKINIKI\Desktop\New folder (2)\outputs\smoke\models\task1_universal_dae.onnx
[torch.onnx] Obtain model graph for `DenoisingAutoencoder([...]` with `torch.export.export(..., strict=False)`...
W0923 20:55:42.321000 22860 .venv\Lib\site-packages\torch\utils\flop_counter.py:113] triton not found; flop counting will not work for triton kernels
[torch.onnx] Obtain model graph for `DenoisingAutoencoder([...]` with `torch.export.export(..., strict=False)`... ✅
[torch.onnx] Run decompositions...
[torch.onnx] Run decompositions... ✅
[torch.onnx] Translate the graph into ONNX...
[torch.onnx] Translate the graph into ONNX... ✅
[torch.onnx] Optimize the ONNX graph...
[torch.onnx] Optimize the ONNX graph... ✅
   passed=True max|diff|=[8.940696716308594e-08]
[export] task2_classifier -> C:\Users\KENKINIKI\Desktop\New folder (2)\outputs\smoke\models\task2_classifier.onnx
[torch.onnx] Obtain model graph for `CorruptionClassifier([...]` with `torch.export.export(..., strict=False)`...
[torch.onnx] Obtain model graph for `CorruptionClassifier([...]` with `torch.export.export(..., strict=False)`... ✅
[torch.onnx] Run decompositions...
[torch.onnx] Run decompositions... ✅
[torch.onnx] Translate the graph into ONNX...
[torch.onnx] Translate the graph into ONNX... ✅
[torch.onnx] Optimize the ONNX graph...
[torch.onnx] Optimize the ONNX graph... ✅
   passed=True max|diff|=[1.4901161193847656e-07]
[export] task2_salt_pepper -> C:\Users\KENKINIKI\Desktop\New folder (2)\outputs\smoke\models\task2_salt_expert.onnx
[torch.onnx] Obtain model graph for `DenoisingAutoencoder([...]` with `torch.export.export(..., strict=False)`...
[torch.onnx] Obtain model graph for `DenoisingAutoencoder([...]` with `torch.export.export(..., strict=False)`... ✅
[torch.onnx] Run decompositions...
[torch.onnx] Run decompositions... ✅
[torch.onnx] Translate the graph into ONNX...
[torch.onnx] Translate the graph into ONNX... ✅
[torch.onnx] Optimize the ONNX graph...
[torch.onnx] Optimize the ONNX graph... ✅
   passed=True max|diff|=[8.940696716308594e-08]
[export] task2_blur -> C:\Users\KENKINIKI\Desktop\New folder (2)\outputs\smoke\models\task2_blur_expert.onnx
[torch.onnx] Obtain model graph for `DenoisingAutoencoder([...]` with `torch.export.export(..., strict=False)`...
[torch.onnx] Obtain model graph for `DenoisingAutoencoder([...]` with `torch.export.export(..., strict=False)`... ✅
[torch.onnx] Run decompositions...
[torch.onnx] Run decompositions... ✅
[torch.onnx] Translate the graph into ONNX...
[torch.onnx] Translate the graph into ONNX... ✅
[torch.onnx] Optimize the ONNX graph...
[torch.onnx] Optimize the ONNX graph... ✅
   passed=True max|diff|=[5.960464477539063e-08]
[export] task2_occlusion -> C:\Users\KENKINIKI\Desktop\New folder (2)\outputs\smoke\models\task2_occlusion_expert.onnx
[torch.onnx] Obtain model graph for `DenoisingAutoencoder([...]` with `torch.export.export(..., strict=False)`...
[torch.onnx] Obtain model graph for `DenoisingAutoencoder([...]` with `torch.export.export(..., strict=False)`... ✅
[torch.onnx] Run decompositions...
[torch.onnx] Run decompositions... ✅
[torch.onnx] Translate the graph into ONNX...
[torch.onnx] Translate the graph into ONNX... ✅
[torch.onnx] Optimize the ONNX graph...
[torch.onnx] Optimize the ONNX graph... ✅
   passed=True max|diff|=[5.960464477539063e-08]
[export] task3 -> C:\Users\KENKINIKI\Desktop\New folder (2)\outputs\smoke\models\task3_soft_moe.onnx
[torch.onnx] Obtain model graph for `SoftMoEExport([...]` with `torch.export.export(..., strict=False)`...
[torch.onnx] Obtain model graph for `SoftMoEExport([...]` with `torch.export.export(..., strict=False)`... ✅
[torch.onnx] Run decompositions...
[torch.onnx] Run decompositions... ✅
[torch.onnx] Translate the graph into ONNX...
[torch.onnx] Translate the graph into ONNX... ✅
[torch.onnx] Optimize the ONNX graph...
[torch.onnx] Optimize the ONNX graph... ✅
   passed=True max|diff|=[2.384185791015625e-07, 8.940696716308594e-08]
[export] task4 -> C:\Users\KENKINIKI\Desktop\New folder (2)\outputs\smoke\models\task4_generator.onnx
[torch.onnx] Obtain model graph for `StyleUNetGenerator([...]` with `torch.export.export(..., strict=False)`...
[torch.onnx] Obtain model graph for `StyleUNetGenerator([...]` with `torch.export.export(..., strict=False)`... ✅
[torch.onnx] Run decompositions...
[torch.onnx] Run decompositions... ✅
[torch.onnx] Translate the graph into ONNX...
[torch.onnx] Translate the graph into ONNX... ✅
[torch.onnx] Optimize the ONNX graph...
[torch.onnx] Optimize the ONNX graph... ✅
C:\Users\KENKINIKI\Desktop\New folder (2)\.venv\Lib\site-packages\torch\onnx\_internal\exporter\_onnx_program.py:486: UserWarning: # The axis name: batch will not be used, since it shares the same shape constraints with another axis: batch.
  rename_mapping = _dynamic_shapes.create_rename_mapping(
   passed=True max|diff|=[7.152557373046875e-06]
model card -> C:\Users\KENKINIKI\Desktop\New folder (2)\outputs\smoke\models\model_card.json
all passed: True
