[I 2026-10-03 19:46:07,640] Using an existing study with `study_name='task4_pix2pix_final'` instead of creating a new one.
[optuna] study task4_pix2pix_final: 4 finished trials, running 16 more
[GAN] epoch 1/25 D_real=0.610 D_fake=0.582 G_adv=1.336 G_L1=0.3109 | val L1=0.1268 SSIM=0.3933 PSNR=14.21 (27.0s)
[GAN] epoch 2/25 D_real=0.554 D_fake=0.524 G_adv=1.369 G_L1=0.2804 | val L1=0.1387 SSIM=0.3222 PSNR=13.58 (14.5s)
[GAN] epoch 3/25 D_real=0.554 D_fake=0.524 G_adv=1.428 G_L1=0.2776 | val L1=0.1296 SSIM=0.3684 PSNR=13.97 (14.7s)
[GAN] epoch 4/25 D_real=0.526 D_fake=0.497 G_adv=1.609 G_L1=0.2729 | val L1=0.1330 SSIM=0.3665 PSNR=13.67 (14.8s)
[GAN] epoch 5/25 D_real=0.494 D_fake=0.469 G_adv=1.814 G_L1=0.2712 | val L1=0.1257 SSIM=0.3520 PSNR=14.43 (15.0s)
[GAN] epoch 6/25 D_real=0.505 D_fake=0.479 G_adv=1.859 G_L1=0.2683 | val L1=0.1284 SSIM=0.3445 PSNR=14.13 (15.2s)
[GAN] epoch 7/25 D_real=0.498 D_fake=0.476 G_adv=1.826 G_L1=0.2675 | val L1=0.1254 SSIM=0.3598 PSNR=14.48 (15.5s)
[GAN] epoch 8/25 D_real=0.502 D_fake=0.474 G_adv=1.825 G_L1=0.2664 | val L1=0.1229 SSIM=0.3692 PSNR=14.38 (16.3s)
[I 2026-10-03 19:48:41,712] Trial 6 pruned. 
[GAN] epoch 1/25 D_real=0.439 D_fake=0.392 G_adv=1.462 G_L1=0.3496 | val L1=0.1268 SSIM=0.4005 PSNR=14.71 (20.2s)
[GAN] epoch 2/25 D_real=0.369 D_fake=0.332 G_adv=1.690 G_L1=0.2714 | val L1=0.1269 SSIM=0.3773 PSNR=14.23 (7.8s)
[GAN] epoch 3/25 D_real=0.415 D_fake=0.362 G_adv=1.566 G_L1=0.2687 | val L1=0.1246 SSIM=0.3988 PSNR=14.16 (8.0s)
[GAN] epoch 4/25 D_real=0.424 D_fake=0.376 G_adv=1.551 G_L1=0.2668 | val L1=0.1281 SSIM=0.3897 PSNR=13.91 (8.1s)
[GAN] epoch 5/25 D_real=0.447 D_fake=0.389 G_adv=1.491 G_L1=0.2659 | val L1=0.1255 SSIM=0.3838 PSNR=14.29 (8.2s)
[GAN] epoch 6/25 D_real=0.466 D_fake=0.406 G_adv=1.450 G_L1=0.2635 | val L1=0.1229 SSIM=0.3912 PSNR=14.27 (8.3s)
[GAN] epoch 7/25 D_real=0.495 D_fake=0.430 G_adv=1.378 G_L1=0.2612 | val L1=0.1273 SSIM=0.3843 PSNR=14.21 (8.7s)
[GAN] epoch 8/25 D_real=0.492 D_fake=0.433 G_adv=1.313 G_L1=0.2588 | val L1=0.1214 SSIM=0.3953 PSNR=14.41 (9.1s)
[GAN] epoch 9/25 D_real=0.512 D_fake=0.450 G_adv=1.279 G_L1=0.2576 | val L1=0.1214 SSIM=0.3980 PSNR=14.43 (9.1s)
[GAN] epoch 10/25 D_real=0.513 D_fake=0.452 G_adv=1.273 G_L1=0.2552 | val L1=0.1199 SSIM=0.3989 PSNR=14.60 (9.4s)
[GAN] epoch 11/25 D_real=0.501 D_fake=0.446 G_adv=1.273 G_L1=0.2547 | val L1=0.1194 SSIM=0.4024 PSNR=14.51 (9.6s)
[GAN] epoch 12/25 D_real=0.510 D_fake=0.457 G_adv=1.259 G_L1=0.2539 | val L1=0.1186 SSIM=0.4027 PSNR=14.60 (10.3s)
[GAN] epoch 13/25 D_real=0.516 D_fake=0.455 G_adv=1.277 G_L1=0.2518 | val L1=0.1226 SSIM=0.3919 PSNR=14.48 (10.4s)
[GAN] epoch 14/25 D_real=0.499 D_fake=0.454 G_adv=1.252 G_L1=0.2500 | val L1=0.1165 SSIM=0.4110 PSNR=14.75 (10.0s)
[GAN] epoch 15/25 D_real=0.499 D_fake=0.449 G_adv=1.242 G_L1=0.2503 | val L1=0.1168 SSIM=0.4026 PSNR=14.77 (10.4s)
[GAN] epoch 16/25 D_real=0.498 D_fake=0.456 G_adv=1.249 G_L1=0.2464 | val L1=0.1134 SSIM=0.4192 PSNR=14.94 (10.4s)
[GAN] epoch 17/25 D_real=0.494 D_fake=0.444 G_adv=1.239 G_L1=0.2462 | val L1=0.1167 SSIM=0.4115 PSNR=14.76 (10.4s)
[GAN] epoch 18/25 D_real=0.485 D_fake=0.439 G_adv=1.233 G_L1=0.2460 | val L1=0.1168 SSIM=0.4082 PSNR=14.75 (10.4s)
[GAN] epoch 19/25 D_real=0.467 D_fake=0.435 G_adv=1.249 G_L1=0.2441 | val L1=0.1165 SSIM=0.4060 PSNR=14.81 (10.4s)
[GAN] epoch 20/25 D_real=0.472 D_fake=0.431 G_adv=1.242 G_L1=0.2430 | val L1=0.1161 SSIM=0.4090 PSNR=14.75 (10.4s)
[GAN] epoch 21/25 D_real=0.470 D_fake=0.432 G_adv=1.230 G_L1=0.2419 | val L1=0.1151 SSIM=0.4081 PSNR=14.90 (10.4s)
[GAN] epoch 22/25 D_real=0.462 D_fake=0.426 G_adv=1.234 G_L1=0.2418 | val L1=0.1156 SSIM=0.4089 PSNR=14.83 (10.4s)
[GAN] epoch 23/25 D_real=0.466 D_fake=0.426 G_adv=1.216 G_L1=0.2405 | val L1=0.1159 SSIM=0.4046 PSNR=14.85 (10.4s)
[GAN] epoch 24/25 D_real=0.457 D_fake=0.423 G_adv=1.220 G_L1=0.2397 | val L1=0.1143 SSIM=0.4091 PSNR=14.92 (10.4s)
[GAN] epoch 25/25 D_real=0.452 D_fake=0.414 G_adv=1.221 G_L1=0.2398 | val L1=0.1146 SSIM=0.4098 PSNR=14.89 (10.4s)
[I 2026-10-03 19:53:57,651] Trial 7 finished with value: 0.3470976277717255 and parameters: {'lr_g': 7.59967415065491e-05, 'lr_d': 7.627364729026308e-05, 'batch_size': 8, 'base_channels': 48, 'dropout': 0.14607232426760908, 'style_dim': 16, 'lambda_l1': 46.66963767236923}. Best is trial 0 with value: 0.32747735017500584.
[GAN] epoch 1/25 D_real=0.533 D_fake=0.496 G_adv=1.170 G_L1=0.2951 | val L1=0.1216 SSIM=0.4184 PSNR=14.50 (23.2s)
[GAN] epoch 2/25 D_real=0.481 D_fake=0.427 G_adv=1.326 G_L1=0.2701 | val L1=0.1301 SSIM=0.3743 PSNR=13.89 (10.0s)
[GAN] epoch 3/25 D_real=0.529 D_fake=0.465 G_adv=1.210 G_L1=0.2682 | val L1=0.1216 SSIM=0.4068 PSNR=14.33 (11.4s)
[GAN] epoch 4/25 D_real=0.548 D_fake=0.486 G_adv=1.173 G_L1=0.2631 | val L1=0.1268 SSIM=0.4010 PSNR=13.86 (12.3s)
[GAN] epoch 5/25 D_real=0.555 D_fake=0.492 G_adv=1.141 G_L1=0.2588 | val L1=0.1205 SSIM=0.4089 PSNR=14.55 (12.4s)
[GAN] epoch 6/25 D_real=0.560 D_fake=0.502 G_adv=1.132 G_L1=0.2559 | val L1=0.1159 SSIM=0.4254 PSNR=14.69 (12.4s)
[GAN] epoch 7/25 D_real=0.564 D_fake=0.511 G_adv=1.120 G_L1=0.2510 | val L1=0.1166 SSIM=0.4200 PSNR=14.97 (12.4s)
[GAN] epoch 8/25 D_real=0.566 D_fake=0.513 G_adv=1.108 G_L1=0.2489 | val L1=0.1134 SSIM=0.4284 PSNR=14.84 (12.4s)
[GAN] epoch 9/25 D_real=0.567 D_fake=0.519 G_adv=1.096 G_L1=0.2467 | val L1=0.1102 SSIM=0.4419 PSNR=15.05 (12.4s)
[GAN] epoch 10/25 D_real=0.570 D_fake=0.519 G_adv=1.088 G_L1=0.2435 | val L1=0.1147 SSIM=0.4256 PSNR=14.80 (12.7s)
[GAN] epoch 11/25 D_real=0.575 D_fake=0.526 G_adv=1.080 G_L1=0.2433 | val L1=0.1133 SSIM=0.4305 PSNR=14.84 (12.4s)
[GAN] epoch 12/25 D_real=0.577 D_fake=0.529 G_adv=1.087 G_L1=0.2427 | val L1=0.1143 SSIM=0.4256 PSNR=14.77 (12.4s)
[GAN] epoch 13/25 D_real=0.578 D_fake=0.523 G_adv=1.084 G_L1=0.2410 | val L1=0.1133 SSIM=0.4314 PSNR=14.85 (12.4s)
[GAN] epoch 14/25 D_real=0.576 D_fake=0.527 G_adv=1.074 G_L1=0.2390 | val L1=0.1111 SSIM=0.4395 PSNR=15.03 (12.4s)
[GAN] epoch 15/25 D_real=0.561 D_fake=0.521 G_adv=1.078 G_L1=0.2378 | val L1=0.1134 SSIM=0.4313 PSNR=14.73 (12.7s)
[GAN] epoch 16/25 D_real=0.570 D_fake=0.528 G_adv=1.063 G_L1=0.2356 | val L1=0.1087 SSIM=0.4387 PSNR=15.12 (13.2s)
[GAN] epoch 17/25 D_real=0.564 D_fake=0.519 G_adv=1.059 G_L1=0.2345 | val L1=0.1116 SSIM=0.4409 PSNR=14.90 (13.3s)
[GAN] epoch 18/25 D_real=0.569 D_fake=0.524 G_adv=1.050 G_L1=0.2337 | val L1=0.1087 SSIM=0.4422 PSNR=15.13 (13.4s)
[GAN] epoch 19/25 D_real=0.563 D_fake=0.522 G_adv=1.046 G_L1=0.2324 | val L1=0.1104 SSIM=0.4364 PSNR=15.04 (13.0s)
[GAN] epoch 20/25 D_real=0.561 D_fake=0.518 G_adv=1.042 G_L1=0.2305 | val L1=0.1089 SSIM=0.4439 PSNR=15.07 (13.1s)
[GAN] epoch 21/25 D_real=0.561 D_fake=0.520 G_adv=1.031 G_L1=0.2290 | val L1=0.1090 SSIM=0.4329 PSNR=15.13 (13.2s)
[GAN] epoch 22/25 D_real=0.555 D_fake=0.515 G_adv=1.034 G_L1=0.2278 | val L1=0.1102 SSIM=0.4360 PSNR=15.01 (14.4s)
[GAN] epoch 23/25 D_real=0.551 D_fake=0.506 G_adv=1.034 G_L1=0.2271 | val L1=0.1080 SSIM=0.4410 PSNR=15.13 (14.7s)
[GAN] epoch 24/25 D_real=0.556 D_fake=0.514 G_adv=1.014 G_L1=0.2268 | val L1=0.1075 SSIM=0.4439 PSNR=15.18 (14.6s)
[GAN] epoch 25/25 D_real=0.546 D_fake=0.504 G_adv=1.024 G_L1=0.2261 | val L1=0.1069 SSIM=0.4469 PSNR=15.20 (14.9s)
[I 2026-10-03 19:59:54,099] Trial 8 finished with value: 0.33003511968648663 and parameters: {'lr_g': 0.00019560708142748483, 'lr_d': 5.564426587452873e-05, 'batch_size': 4, 'base_channels': 48, 'dropout': 0.15230688458668534, 'style_dim': 8, 'lambda_l1': 44.07984038169242}. Best is trial 0 with value: 0.32747735017500584.
[GAN] epoch 1/25 D_real=0.245 D_fake=0.213 G_adv=3.084 G_L1=0.4288 | val L1=0.1435 SSIM=0.3168 PSNR=14.71 (22.9s)
[GAN] epoch 2/25 D_real=0.124 D_fake=0.107 G_adv=3.442 G_L1=0.2762 | val L1=0.1234 SSIM=0.3902 PSNR=15.04 (9.5s)
[GAN] epoch 3/25 D_real=0.226 D_fake=0.217 G_adv=2.978 G_L1=0.2618 | val L1=0.1193 SSIM=0.4142 PSNR=14.92 (10.0s)
[GAN] epoch 4/25 D_real=0.186 D_fake=0.167 G_adv=3.279 G_L1=0.2578 | val L1=0.1236 SSIM=0.3946 PSNR=14.59 (10.0s)
[GAN] epoch 5/25 D_real=0.214 D_fake=0.182 G_adv=3.182 G_L1=0.2574 | val L1=0.1196 SSIM=0.3984 PSNR=14.85 (10.0s)
[GAN] epoch 6/25 D_real=0.201 D_fake=0.165 G_adv=3.227 G_L1=0.2556 | val L1=0.1186 SSIM=0.3950 PSNR=14.82 (10.0s)
[GAN] epoch 7/25 D_real=0.212 D_fake=0.174 G_adv=3.358 G_L1=0.2535 | val L1=0.1204 SSIM=0.3920 PSNR=14.79 (10.4s)
[GAN] epoch 8/25 D_real=0.205 D_fake=0.187 G_adv=3.420 G_L1=0.2517 | val L1=0.1161 SSIM=0.4032 PSNR=14.98 (10.9s)
[GAN] epoch 9/25 D_real=0.134 D_fake=0.118 G_adv=3.644 G_L1=0.2522 | val L1=0.1176 SSIM=0.3972 PSNR=14.83 (11.9s)
[GAN] epoch 10/25 D_real=0.167 D_fake=0.135 G_adv=3.952 G_L1=0.2495 | val L1=0.1161 SSIM=0.3952 PSNR=14.97 (11.4s)
[GAN] epoch 11/25 D_real=0.224 D_fake=0.246 G_adv=3.976 G_L1=0.2480 | val L1=0.1124 SSIM=0.4231 PSNR=15.16 (12.4s)
[GAN] epoch 12/25 D_real=0.130 D_fake=0.108 G_adv=3.665 G_L1=0.2470 | val L1=0.1142 SSIM=0.4100 PSNR=14.99 (11.4s)
[GAN] epoch 13/25 D_real=0.104 D_fake=0.088 G_adv=3.999 G_L1=0.2457 | val L1=0.1158 SSIM=0.4009 PSNR=14.95 (11.8s)
[GAN] epoch 14/25 D_real=0.185 D_fake=0.180 G_adv=3.726 G_L1=0.2427 | val L1=0.1131 SSIM=0.4140 PSNR=15.07 (12.3s)
[GAN] epoch 15/25 D_real=0.083 D_fake=0.075 G_adv=3.896 G_L1=0.2440 | val L1=0.1148 SSIM=0.4002 PSNR=14.95 (12.6s)
[GAN] epoch 16/25 D_real=0.175 D_fake=0.163 G_adv=4.059 G_L1=0.2427 | val L1=0.1093 SSIM=0.4245 PSNR=15.30 (12.6s)
[GAN] epoch 17/25 D_real=0.085 D_fake=0.075 G_adv=3.736 G_L1=0.2392 | val L1=0.1150 SSIM=0.4066 PSNR=14.92 (12.4s)
[GAN] epoch 18/25 D_real=0.070 D_fake=0.063 G_adv=3.893 G_L1=0.2410 | val L1=0.1151 SSIM=0.3969 PSNR=14.94 (12.7s)
[GAN] epoch 19/25 D_real=0.074 D_fake=0.067 G_adv=4.153 G_L1=0.2412 | val L1=0.1148 SSIM=0.3956 PSNR=14.98 (12.9s)
[GAN] epoch 20/25 D_real=0.065 D_fake=0.059 G_adv=4.122 G_L1=0.2405 | val L1=0.1135 SSIM=0.4013 PSNR=15.02 (12.7s)
[GAN] epoch 21/25 D_real=0.060 D_fake=0.054 G_adv=4.160 G_L1=0.2389 | val L1=0.1129 SSIM=0.4024 PSNR=15.03 (13.0s)
[GAN] epoch 22/25 D_real=0.051 D_fake=0.048 G_adv=4.209 G_L1=0.2402 | val L1=0.1140 SSIM=0.3931 PSNR=14.99 (12.9s)
[GAN] epoch 23/25 D_real=0.044 D_fake=0.041 G_adv=4.211 G_L1=0.2391 | val L1=0.1141 SSIM=0.3945 PSNR=14.97 (12.7s)
[GAN] epoch 24/25 D_real=0.043 D_fake=0.039 G_adv=4.202 G_L1=0.2388 | val L1=0.1130 SSIM=0.3971 PSNR=15.04 (13.2s)
[GAN] epoch 25/25 D_real=0.036 D_fake=0.033 G_adv=4.267 G_L1=0.2393 | val L1=0.1130 SSIM=0.3958 PSNR=15.03 (12.4s)
[I 2026-10-03 20:05:24,181] Trial 9 finished with value: 0.34238629820961625 and parameters: {'lr_g': 5.4120091907504824e-05, 'lr_d': 0.0004057797837985251, 'batch_size': 8, 'base_channels': 48, 'dropout': 0.4847923138822793, 'style_dim': 8, 'lambda_l1': 158.26541904647559}. Best is trial 0 with value: 0.32747735017500584.
[GAN] epoch 1/25 D_real=0.424 D_fake=0.388 G_adv=1.546 G_L1=0.4310 | val L1=0.1500 SSIM=0.2797 PSNR=14.72 (21.9s)
[GAN] epoch 2/25 D_real=0.169 D_fake=0.134 G_adv=2.506 G_L1=0.2847 | val L1=0.1250 SSIM=0.4025 PSNR=15.28 (8.5s)
[GAN] epoch 3/25 D_real=0.155 D_fake=0.134 G_adv=2.652 G_L1=0.2616 | val L1=0.1183 SSIM=0.4299 PSNR=15.23 (8.7s)
[GAN] epoch 4/25 D_real=0.166 D_fake=0.138 G_adv=2.851 G_L1=0.2535 | val L1=0.1178 SSIM=0.4297 PSNR=15.07 (9.3s)
[GAN] epoch 5/25 D_real=0.181 D_fake=0.154 G_adv=2.888 G_L1=0.2513 | val L1=0.1161 SSIM=0.4314 PSNR=15.14 (9.8s)
[GAN] epoch 6/25 D_real=0.192 D_fake=0.161 G_adv=2.839 G_L1=0.2480 | val L1=0.1149 SSIM=0.4344 PSNR=15.06 (10.7s)
[GAN] epoch 7/25 D_real=0.196 D_fake=0.158 G_adv=2.815 G_L1=0.2463 | val L1=0.1166 SSIM=0.4229 PSNR=15.04 (11.3s)
[GAN] epoch 8/25 D_real=0.168 D_fake=0.141 G_adv=2.922 G_L1=0.2448 | val L1=0.1141 SSIM=0.4335 PSNR=15.02 (11.3s)
[GAN] epoch 9/25 D_real=0.170 D_fake=0.141 G_adv=2.983 G_L1=0.2433 | val L1=0.1136 SSIM=0.4314 PSNR=15.03 (11.5s)
[GAN] epoch 10/25 D_real=0.183 D_fake=0.154 G_adv=2.930 G_L1=0.2420 | val L1=0.1144 SSIM=0.4256 PSNR=15.02 (11.5s)
[GAN] epoch 11/25 D_real=0.182 D_fake=0.151 G_adv=2.935 G_L1=0.2403 | val L1=0.1123 SSIM=0.4334 PSNR=15.10 (11.9s)
[GAN] epoch 12/25 D_real=0.179 D_fake=0.146 G_adv=2.974 G_L1=0.2395 | val L1=0.1132 SSIM=0.4268 PSNR=14.96 (11.7s)
[GAN] epoch 13/25 D_real=0.185 D_fake=0.163 G_adv=2.904 G_L1=0.2396 | val L1=0.1136 SSIM=0.4249 PSNR=15.00 (11.8s)
[GAN] epoch 14/25 D_real=0.188 D_fake=0.160 G_adv=2.850 G_L1=0.2375 | val L1=0.1121 SSIM=0.4293 PSNR=15.06 (11.8s)
[GAN] epoch 15/25 D_real=0.210 D_fake=0.175 G_adv=2.885 G_L1=0.2361 | val L1=0.1119 SSIM=0.4237 PSNR=15.11 (12.1s)
[GAN] epoch 16/25 D_real=0.200 D_fake=0.164 G_adv=2.674 G_L1=0.2355 | val L1=0.1106 SSIM=0.4313 PSNR=15.14 (11.7s)
[GAN] epoch 17/25 D_real=0.197 D_fake=0.169 G_adv=2.719 G_L1=0.2356 | val L1=0.1133 SSIM=0.4263 PSNR=14.97 (11.5s)
[GAN] epoch 18/25 D_real=0.193 D_fake=0.161 G_adv=2.700 G_L1=0.2335 | val L1=0.1123 SSIM=0.4250 PSNR=15.07 (12.0s)
[GAN] epoch 19/25 D_real=0.206 D_fake=0.168 G_adv=2.672 G_L1=0.2332 | val L1=0.1118 SSIM=0.4248 PSNR=15.12 (11.7s)
[GAN] epoch 20/25 D_real=0.205 D_fake=0.168 G_adv=2.664 G_L1=0.2323 | val L1=0.1112 SSIM=0.4255 PSNR=15.11 (12.3s)
[GAN] epoch 21/25 D_real=0.206 D_fake=0.173 G_adv=2.604 G_L1=0.2306 | val L1=0.1110 SSIM=0.4261 PSNR=15.13 (12.3s)
[GAN] epoch 22/25 D_real=0.196 D_fake=0.167 G_adv=2.627 G_L1=0.2306 | val L1=0.1114 SSIM=0.4248 PSNR=15.11 (12.4s)
[GAN] epoch 23/25 D_real=0.193 D_fake=0.161 G_adv=2.630 G_L1=0.2296 | val L1=0.1108 SSIM=0.4262 PSNR=15.13 (12.7s)
[GAN] epoch 24/25 D_real=0.185 D_fake=0.164 G_adv=2.610 G_L1=0.2295 | val L1=0.1104 SSIM=0.4277 PSNR=15.16 (12.0s)
[GAN] epoch 25/25 D_real=0.200 D_fake=0.165 G_adv=2.592 G_L1=0.2296 | val L1=0.1100 SSIM=0.4284 PSNR=15.17 (12.0s)
[I 2026-10-03 20:10:44,050] Trial 10 finished with value: 0.3394914265698607 and parameters: {'lr_g': 6.130028679593765e-05, 'lr_d': 7.851504189403355e-05, 'batch_size': 16, 'base_channels': 48, 'dropout': 0.14046725484369038, 'style_dim': 16, 'lambda_l1': 192.29567074543374}. Best is trial 0 with value: 0.32747735017500584.
[GAN] epoch 1/25 D_real=0.652 D_fake=0.620 G_adv=0.907 G_L1=0.3078 | val L1=0.1306 SSIM=0.3849 PSNR=14.05 (22.9s)
[GAN] epoch 2/25 D_real=0.634 D_fake=0.600 G_adv=0.936 G_L1=0.2846 | val L1=0.1305 SSIM=0.3657 PSNR=13.90 (9.9s)
[GAN] epoch 3/25 D_real=0.651 D_fake=0.615 G_adv=0.888 G_L1=0.2811 | val L1=0.1283 SSIM=0.3835 PSNR=13.90 (10.0s)
[GAN] epoch 4/25 D_real=0.651 D_fake=0.620 G_adv=0.872 G_L1=0.2744 | val L1=0.1304 SSIM=0.3769 PSNR=13.86 (10.2s)
[GAN] epoch 5/25 D_real=0.657 D_fake=0.625 G_adv=0.856 G_L1=0.2695 | val L1=0.1243 SSIM=0.3888 PSNR=14.40 (10.5s)
[GAN] epoch 6/25 D_real=0.656 D_fake=0.630 G_adv=0.857 G_L1=0.2658 | val L1=0.1173 SSIM=0.4140 PSNR=14.64 (11.3s)
[GAN] epoch 7/25 D_real=0.656 D_fake=0.632 G_adv=0.837 G_L1=0.2612 | val L1=0.1276 SSIM=0.3860 PSNR=14.36 (12.4s)
[GAN] epoch 8/25 D_real=0.658 D_fake=0.637 G_adv=0.825 G_L1=0.2591 | val L1=0.1199 SSIM=0.4110 PSNR=14.43 (12.2s)
[GAN] epoch 9/25 D_real=0.663 D_fake=0.641 G_adv=0.829 G_L1=0.2560 | val L1=0.1146 SSIM=0.4257 PSNR=14.81 (12.2s)
[GAN] epoch 10/25 D_real=0.659 D_fake=0.643 G_adv=0.825 G_L1=0.2529 | val L1=0.1184 SSIM=0.4107 PSNR=14.67 (13.1s)
[GAN] epoch 11/25 D_real=0.661 D_fake=0.643 G_adv=0.824 G_L1=0.2528 | val L1=0.1166 SSIM=0.4232 PSNR=14.67 (13.6s)
[GAN] epoch 12/25 D_real=0.656 D_fake=0.643 G_adv=0.826 G_L1=0.2511 | val L1=0.1190 SSIM=0.4121 PSNR=14.60 (13.2s)
[GAN] epoch 13/25 D_real=0.661 D_fake=0.640 G_adv=0.827 G_L1=0.2477 | val L1=0.1161 SSIM=0.4236 PSNR=14.75 (13.3s)
[GAN] epoch 14/25 D_real=0.653 D_fake=0.641 G_adv=0.827 G_L1=0.2480 | val L1=0.1167 SSIM=0.4279 PSNR=14.67 (12.9s)
[GAN] epoch 15/25 D_real=0.655 D_fake=0.640 G_adv=0.821 G_L1=0.2464 | val L1=0.1151 SSIM=0.4201 PSNR=14.82 (13.3s)
[GAN] epoch 16/25 D_real=0.650 D_fake=0.642 G_adv=0.818 G_L1=0.2433 | val L1=0.1111 SSIM=0.4386 PSNR=14.96 (13.6s)
[GAN] epoch 17/25 D_real=0.653 D_fake=0.639 G_adv=0.817 G_L1=0.2431 | val L1=0.1157 SSIM=0.4296 PSNR=14.62 (13.9s)
[GAN] epoch 18/25 D_real=0.652 D_fake=0.639 G_adv=0.814 G_L1=0.2421 | val L1=0.1122 SSIM=0.4287 PSNR=14.95 (13.4s)
[GAN] epoch 19/25 D_real=0.646 D_fake=0.638 G_adv=0.810 G_L1=0.2405 | val L1=0.1126 SSIM=0.4311 PSNR=14.98 (13.3s)
[GAN] epoch 20/25 D_real=0.646 D_fake=0.635 G_adv=0.811 G_L1=0.2384 | val L1=0.1145 SSIM=0.4310 PSNR=14.75 (13.7s)
[GAN] epoch 21/25 D_real=0.649 D_fake=0.636 G_adv=0.803 G_L1=0.2376 | val L1=0.1106 SSIM=0.4252 PSNR=15.11 (13.2s)
[GAN] epoch 22/25 D_real=0.641 D_fake=0.633 G_adv=0.806 G_L1=0.2365 | val L1=0.1140 SSIM=0.4228 PSNR=14.84 (13.6s)
[GAN] epoch 23/25 D_real=0.646 D_fake=0.632 G_adv=0.800 G_L1=0.2359 | val L1=0.1113 SSIM=0.4273 PSNR=15.00 (13.8s)
[GAN] epoch 24/25 D_real=0.644 D_fake=0.635 G_adv=0.794 G_L1=0.2346 | val L1=0.1106 SSIM=0.4315 PSNR=15.06 (14.2s)
[GAN] epoch 25/25 D_real=0.640 D_fake=0.628 G_adv=0.798 G_L1=0.2335 | val L1=0.1111 SSIM=0.4315 PSNR=14.99 (14.3s)
[I 2026-10-03 20:16:37,954] Trial 11 finished with value: 0.3362257660559888 and parameters: {'lr_g': 0.00029594756677318233, 'lr_d': 7.901065932051941e-05, 'batch_size': 8, 'base_channels': 48, 'dropout': 0.1792328642721363, 'style_dim': 8, 'lambda_l1': 12.097379927033845}. Best is trial 0 with value: 0.32747735017500584.
[GAN] epoch 1/25 D_real=0.587 D_fake=0.563 G_adv=1.301 G_L1=0.2963 | val L1=0.1255 SSIM=0.4099 PSNR=14.11 (28.5s)
[GAN] epoch 2/25 D_real=0.543 D_fake=0.499 G_adv=1.387 G_L1=0.2742 | val L1=0.1257 SSIM=0.3927 PSNR=14.05 (15.1s)
[GAN] epoch 3/25 D_real=0.578 D_fake=0.519 G_adv=1.264 G_L1=0.2730 | val L1=0.1288 SSIM=0.3900 PSNR=13.79 (15.8s)
[GAN] epoch 4/25 D_real=0.587 D_fake=0.535 G_adv=1.191 G_L1=0.2685 | val L1=0.1311 SSIM=0.3962 PSNR=13.68 (44.8s)
[GAN] epoch 5/25 D_real=0.592 D_fake=0.540 G_adv=1.191 G_L1=0.2641 | val L1=0.1237 SSIM=0.4013 PSNR=14.37 (13.2s)
[GAN] epoch 6/25 D_real=0.596 D_fake=0.542 G_adv=1.189 G_L1=0.2600 | val L1=0.1168 SSIM=0.4254 PSNR=14.66 (15.3s)
[GAN] epoch 7/25 D_real=0.590 D_fake=0.545 G_adv=1.170 G_L1=0.2539 | val L1=0.1207 SSIM=0.4091 PSNR=14.75 (15.3s)
[GAN] epoch 8/25 D_real=0.588 D_fake=0.544 G_adv=1.196 G_L1=0.2530 | val L1=0.1176 SSIM=0.4134 PSNR=14.64 (16.5s)
[GAN] epoch 9/25 D_real=0.579 D_fake=0.538 G_adv=1.189 G_L1=0.2502 | val L1=0.1139 SSIM=0.4252 PSNR=14.89 (19.8s)
[GAN] epoch 10/25 D_real=0.584 D_fake=0.543 G_adv=1.251 G_L1=0.2450 | val L1=0.1138 SSIM=0.4306 PSNR=15.08 (21.3s)
[GAN] epoch 11/25 D_real=0.570 D_fake=0.532 G_adv=1.303 G_L1=0.2459 | val L1=0.1092 SSIM=0.4434 PSNR=15.17 (23.1s)
[GAN] epoch 12/25 D_real=0.567 D_fake=0.532 G_adv=1.308 G_L1=0.2436 | val L1=0.1123 SSIM=0.4242 PSNR=15.01 (24.2s)
[GAN] epoch 13/25 D_real=0.570 D_fake=0.526 G_adv=1.313 G_L1=0.2426 | val L1=0.1127 SSIM=0.4276 PSNR=14.98 (24.8s)
[GAN] epoch 14/25 D_real=0.552 D_fake=0.524 G_adv=1.287 G_L1=0.2419 | val L1=0.1115 SSIM=0.4269 PSNR=14.93 (26.0s)
[GAN] epoch 15/25 D_real=0.558 D_fake=0.525 G_adv=1.266 G_L1=0.2405 | val L1=0.1129 SSIM=0.4188 PSNR=14.93 (28.8s)
[GAN] epoch 16/25 D_real=0.556 D_fake=0.528 G_adv=1.275 G_L1=0.2385 | val L1=0.1090 SSIM=0.4435 PSNR=15.04 (28.9s)
[GAN] epoch 17/25 D_real=0.550 D_fake=0.517 G_adv=1.241 G_L1=0.2403 | val L1=0.1159 SSIM=0.4184 PSNR=14.64 (30.7s)
[GAN] epoch 18/25 D_real=0.552 D_fake=0.520 G_adv=1.238 G_L1=0.2387 | val L1=0.1095 SSIM=0.4279 PSNR=15.16 (29.8s)
[GAN] epoch 19/25 D_real=0.540 D_fake=0.512 G_adv=1.218 G_L1=0.2373 | val L1=0.1108 SSIM=0.4249 PSNR=15.08 (33.3s)
[GAN] epoch 20/25 D_real=0.540 D_fake=0.509 G_adv=1.194 G_L1=0.2357 | val L1=0.1119 SSIM=0.4289 PSNR=14.90 (31.5s)
[GAN] epoch 21/25 D_real=0.534 D_fake=0.506 G_adv=1.165 G_L1=0.2348 | val L1=0.1091 SSIM=0.4251 PSNR=15.18 (33.5s)
[GAN] epoch 22/25 D_real=0.528 D_fake=0.497 G_adv=1.167 G_L1=0.2343 | val L1=0.1114 SSIM=0.4235 PSNR=14.98 (33.8s)
[GAN] epoch 23/25 D_real=0.517 D_fake=0.489 G_adv=1.140 G_L1=0.2329 | val L1=0.1093 SSIM=0.4250 PSNR=15.14 (36.4s)
[GAN] epoch 24/25 D_real=0.510 D_fake=0.481 G_adv=1.121 G_L1=0.2322 | val L1=0.1084 SSIM=0.4331 PSNR=15.19 (35.5s)
[GAN] epoch 25/25 D_real=0.501 D_fake=0.475 G_adv=1.107 G_L1=0.2311 | val L1=0.1094 SSIM=0.4315 PSNR=15.10 (37.2s)
[I 2026-10-03 20:28:13,930] Trial 12 finished with value: 0.33273952936976214 and parameters: {'lr_g': 0.00037325972020072867, 'lr_d': 0.00027042768567558744, 'batch_size': 8, 'base_channels': 64, 'dropout': 0.10315385224142598, 'style_dim': 16, 'lambda_l1': 31.350201393497326}. Best is trial 0 with value: 0.32747735017500584.
[GAN] epoch 1/25 D_real=0.447 D_fake=0.412 G_adv=1.694 G_L1=0.2967 | val L1=0.1188 SSIM=0.4369 PSNR=14.84 (34.6s)
[GAN] epoch 2/25 D_real=0.331 D_fake=0.289 G_adv=2.195 G_L1=0.2589 | val L1=0.1178 SSIM=0.4309 PSNR=14.71 (19.4s)
[GAN] epoch 3/25 D_real=0.338 D_fake=0.280 G_adv=2.247 G_L1=0.2581 | val L1=0.1172 SSIM=0.4302 PSNR=14.63 (30.0s)
[GAN] epoch 4/25 D_real=0.358 D_fake=0.313 G_adv=2.210 G_L1=0.2541 | val L1=0.1233 SSIM=0.4172 PSNR=14.24 (33.5s)
[GAN] epoch 5/25 D_real=0.389 D_fake=0.331 G_adv=2.043 G_L1=0.2516 | val L1=0.1156 SSIM=0.4285 PSNR=15.02 (37.7s)
[GAN] epoch 6/25 D_real=0.388 D_fake=0.329 G_adv=1.997 G_L1=0.2485 | val L1=0.1153 SSIM=0.4212 PSNR=14.85 (33.4s)
[GAN] epoch 7/25 D_real=0.396 D_fake=0.342 G_adv=1.979 G_L1=0.2446 | val L1=0.1191 SSIM=0.4149 PSNR=14.86 (21.0s)
[GAN] epoch 8/25 D_real=0.388 D_fake=0.329 G_adv=1.973 G_L1=0.2414 | val L1=0.1100 SSIM=0.4381 PSNR=15.19 (18.4s)
[GAN] epoch 9/25 D_real=0.399 D_fake=0.342 G_adv=1.999 G_L1=0.2391 | val L1=0.1108 SSIM=0.4352 PSNR=15.08 (16.9s)
[GAN] epoch 10/25 D_real=0.401 D_fake=0.332 G_adv=2.027 G_L1=0.2361 | val L1=0.1115 SSIM=0.4371 PSNR=15.10 (16.0s)
[GAN] epoch 11/25 D_real=0.398 D_fake=0.325 G_adv=2.050 G_L1=0.2353 | val L1=0.1080 SSIM=0.4523 PSNR=15.26 (16.3s)
[GAN] epoch 12/25 D_real=0.388 D_fake=0.337 G_adv=2.001 G_L1=0.2337 | val L1=0.1062 SSIM=0.4493 PSNR=15.48 (16.7s)
[GAN] epoch 13/25 D_real=0.414 D_fake=0.341 G_adv=2.035 G_L1=0.2298 | val L1=0.1086 SSIM=0.4461 PSNR=15.32 (16.9s)
[GAN] epoch 14/25 D_real=0.360 D_fake=0.307 G_adv=1.997 G_L1=0.2306 | val L1=0.1071 SSIM=0.4454 PSNR=15.25 (16.3s)
[GAN] epoch 15/25 D_real=0.357 D_fake=0.301 G_adv=2.040 G_L1=0.2291 | val L1=0.1088 SSIM=0.4392 PSNR=15.21 (16.1s)
[GAN] epoch 16/25 D_real=0.354 D_fake=0.307 G_adv=2.079 G_L1=0.2272 | val L1=0.1032 SSIM=0.4616 PSNR=15.51 (16.2s)
[GAN] epoch 17/25 D_real=0.333 D_fake=0.281 G_adv=2.042 G_L1=0.2271 | val L1=0.1084 SSIM=0.4445 PSNR=15.10 (16.7s)
[GAN] epoch 18/25 D_real=0.334 D_fake=0.286 G_adv=2.055 G_L1=0.2260 | val L1=0.1082 SSIM=0.4368 PSNR=15.22 (15.7s)
[GAN] epoch 19/25 D_real=0.320 D_fake=0.285 G_adv=2.044 G_L1=0.2255 | val L1=0.1070 SSIM=0.4405 PSNR=15.33 (16.3s)
[GAN] epoch 20/25 D_real=0.315 D_fake=0.270 G_adv=2.021 G_L1=0.2241 | val L1=0.1062 SSIM=0.4464 PSNR=15.33 (16.2s)
[GAN] epoch 21/25 D_real=0.301 D_fake=0.259 G_adv=2.019 G_L1=0.2231 | val L1=0.1048 SSIM=0.4441 PSNR=15.48 (15.3s)
[GAN] epoch 22/25 D_real=0.291 D_fake=0.250 G_adv=1.986 G_L1=0.2234 | val L1=0.1058 SSIM=0.4422 PSNR=15.36 (15.3s)
[GAN] epoch 23/25 D_real=0.286 D_fake=0.247 G_adv=1.975 G_L1=0.2221 | val L1=0.1052 SSIM=0.4409 PSNR=15.40 (15.3s)
[GAN] epoch 24/25 D_real=0.281 D_fake=0.241 G_adv=1.944 G_L1=0.2216 | val L1=0.1048 SSIM=0.4436 PSNR=15.42 (15.3s)
[GAN] epoch 25/25 D_real=0.269 D_fake=0.231 G_adv=1.932 G_L1=0.2211 | val L1=0.1049 SSIM=0.4442 PSNR=15.40 (15.3s)
[I 2026-10-03 20:37:05,111] Trial 13 finished with value: 0.32080134430771357 and parameters: {'lr_g': 0.00024869593739736476, 'lr_d': 0.00021999285731164533, 'batch_size': 8, 'base_channels': 64, 'dropout': 0.31859303018157986, 'style_dim': 16, 'lambda_l1': 120.97398497275324}. Best is trial 13 with value: 0.32080134430771357.
[GAN] epoch 1/25 D_real=0.449 D_fake=0.406 G_adv=1.536 G_L1=0.2979 | val L1=0.1172 SSIM=0.4443 PSNR=15.10 (27.3s)
[GAN] epoch 2/25 D_real=0.225 D_fake=0.200 G_adv=2.458 G_L1=0.2551 | val L1=0.1164 SSIM=0.4436 PSNR=14.86 (13.3s)
[GAN] epoch 3/25 D_real=0.241 D_fake=0.206 G_adv=2.507 G_L1=0.2540 | val L1=0.1147 SSIM=0.4451 PSNR=14.80 (15.0s)
[GAN] epoch 4/25 D_real=0.255 D_fake=0.212 G_adv=2.571 G_L1=0.2507 | val L1=0.1210 SSIM=0.4356 PSNR=14.40 (15.3s)
[GAN] epoch 5/25 D_real=0.280 D_fake=0.230 G_adv=2.443 G_L1=0.2485 | val L1=0.1135 SSIM=0.4370 PSNR=15.07 (15.3s)
[GAN] epoch 6/25 D_real=0.292 D_fake=0.236 G_adv=2.424 G_L1=0.2466 | val L1=0.1115 SSIM=0.4399 PSNR=15.04 (15.3s)
[GAN] epoch 7/25 D_real=0.312 D_fake=0.253 G_adv=2.343 G_L1=0.2414 | val L1=0.1180 SSIM=0.4211 PSNR=14.96 (15.3s)
[GAN] epoch 8/25 D_real=0.312 D_fake=0.251 G_adv=2.294 G_L1=0.2389 | val L1=0.1085 SSIM=0.4462 PSNR=15.22 (15.3s)
[GAN] epoch 9/25 D_real=0.305 D_fake=0.252 G_adv=2.289 G_L1=0.2374 | val L1=0.1093 SSIM=0.4428 PSNR=15.15 (15.3s)
[GAN] epoch 10/25 D_real=0.327 D_fake=0.252 G_adv=2.301 G_L1=0.2328 | val L1=0.1102 SSIM=0.4464 PSNR=15.19 (15.3s)
[GAN] epoch 11/25 D_real=0.324 D_fake=0.260 G_adv=2.323 G_L1=0.2332 | val L1=0.1064 SSIM=0.4592 PSNR=15.31 (15.3s)
[GAN] epoch 12/25 D_real=0.317 D_fake=0.256 G_adv=2.347 G_L1=0.2307 | val L1=0.1065 SSIM=0.4495 PSNR=15.32 (15.3s)
[GAN] epoch 13/25 D_real=0.331 D_fake=0.265 G_adv=2.327 G_L1=0.2282 | val L1=0.1077 SSIM=0.4472 PSNR=15.37 (15.3s)
[GAN] epoch 14/25 D_real=0.320 D_fake=0.258 G_adv=2.224 G_L1=0.2267 | val L1=0.1067 SSIM=0.4510 PSNR=15.32 (15.3s)
[GAN] epoch 15/25 D_real=0.325 D_fake=0.264 G_adv=2.211 G_L1=0.2260 | val L1=0.1055 SSIM=0.4531 PSNR=15.37 (15.5s)
[GAN] epoch 16/25 D_real=0.325 D_fake=0.268 G_adv=2.142 G_L1=0.2242 | val L1=0.1030 SSIM=0.4619 PSNR=15.47 (15.3s)
[GAN] epoch 17/25 D_real=0.331 D_fake=0.260 G_adv=2.133 G_L1=0.2242 | val L1=0.1062 SSIM=0.4589 PSNR=15.21 (15.3s)
[GAN] epoch 18/25 D_real=0.333 D_fake=0.266 G_adv=2.108 G_L1=0.2222 | val L1=0.1048 SSIM=0.4554 PSNR=15.42 (15.3s)
[GAN] epoch 19/25 D_real=0.320 D_fake=0.266 G_adv=2.069 G_L1=0.2215 | val L1=0.1042 SSIM=0.4550 PSNR=15.49 (15.3s)
[GAN] epoch 20/25 D_real=0.326 D_fake=0.262 G_adv=2.036 G_L1=0.2201 | val L1=0.1039 SSIM=0.4612 PSNR=15.43 (15.3s)
[GAN] epoch 21/25 D_real=0.319 D_fake=0.263 G_adv=2.013 G_L1=0.2189 | val L1=0.1031 SSIM=0.4553 PSNR=15.59 (15.3s)
[GAN] epoch 22/25 D_real=0.330 D_fake=0.262 G_adv=1.946 G_L1=0.2196 | val L1=0.1040 SSIM=0.4560 PSNR=15.47 (15.3s)
[GAN] epoch 23/25 D_real=0.331 D_fake=0.259 G_adv=1.927 G_L1=0.2186 | val L1=0.1029 SSIM=0.4581 PSNR=15.53 (15.3s)
[GAN] epoch 24/25 D_real=0.319 D_fake=0.256 G_adv=1.926 G_L1=0.2174 | val L1=0.1022 SSIM=0.4623 PSNR=15.55 (15.3s)
[GAN] epoch 25/25 D_real=0.309 D_fake=0.243 G_adv=1.920 G_L1=0.2169 | val L1=0.1024 SSIM=0.4613 PSNR=15.52 (15.3s)
[I 2026-10-03 20:44:05,094] Trial 14 finished with value: 0.319955327975675 and parameters: {'lr_g': 0.00023385743531806823, 'lr_d': 0.00010834838015156286, 'batch_size': 8, 'base_channels': 64, 'dropout': 0.48521017209607215, 'style_dim': 16, 'lambda_l1': 189.90692691442732}. Best is trial 14 with value: 0.319955327975675.
[GAN] epoch 1/25 D_real=0.455 D_fake=0.419 G_adv=1.579 G_L1=0.2870 | val L1=0.1185 SSIM=0.4432 PSNR=14.85 (26.9s)
[GAN] epoch 2/25 D_real=0.310 D_fake=0.273 G_adv=2.209 G_L1=0.2593 | val L1=0.1194 SSIM=0.4305 PSNR=14.57 (13.2s)
[GAN] epoch 3/25 D_real=0.320 D_fake=0.268 G_adv=2.250 G_L1=0.2573 | val L1=0.1171 SSIM=0.4298 PSNR=14.62 (15.3s)
[GAN] epoch 4/25 D_real=0.344 D_fake=0.288 G_adv=2.147 G_L1=0.2541 | val L1=0.1251 SSIM=0.4185 PSNR=14.05 (15.3s)
[GAN] epoch 5/25 D_real=0.378 D_fake=0.311 G_adv=2.055 G_L1=0.2516 | val L1=0.1171 SSIM=0.4275 PSNR=14.86 (15.3s)
[GAN] epoch 6/25 D_real=0.383 D_fake=0.315 G_adv=1.986 G_L1=0.2482 | val L1=0.1118 SSIM=0.4397 PSNR=15.00 (15.3s)
[GAN] epoch 7/25 D_real=0.394 D_fake=0.331 G_adv=1.983 G_L1=0.2420 | val L1=0.1189 SSIM=0.4173 PSNR=14.91 (15.3s)
[GAN] epoch 8/25 D_real=0.384 D_fake=0.315 G_adv=1.944 G_L1=0.2403 | val L1=0.1087 SSIM=0.4441 PSNR=15.21 (15.3s)
[GAN] epoch 9/25 D_real=0.385 D_fake=0.325 G_adv=1.973 G_L1=0.2388 | val L1=0.1106 SSIM=0.4374 PSNR=15.05 (15.3s)
[GAN] epoch 10/25 D_real=0.404 D_fake=0.324 G_adv=1.988 G_L1=0.2338 | val L1=0.1087 SSIM=0.4472 PSNR=15.22 (15.3s)
[GAN] epoch 11/25 D_real=0.401 D_fake=0.321 G_adv=1.990 G_L1=0.2335 | val L1=0.1069 SSIM=0.4551 PSNR=15.29 (15.3s)
[GAN] epoch 12/25 D_real=0.388 D_fake=0.328 G_adv=1.955 G_L1=0.2335 | val L1=0.1075 SSIM=0.4494 PSNR=15.24 (15.3s)
[GAN] epoch 13/25 D_real=0.412 D_fake=0.335 G_adv=1.946 G_L1=0.2287 | val L1=0.1063 SSIM=0.4551 PSNR=15.34 (15.3s)
[GAN] epoch 14/25 D_real=0.384 D_fake=0.321 G_adv=1.905 G_L1=0.2283 | val L1=0.1063 SSIM=0.4549 PSNR=15.29 (15.3s)
[GAN] epoch 15/25 D_real=0.392 D_fake=0.327 G_adv=1.894 G_L1=0.2272 | val L1=0.1075 SSIM=0.4490 PSNR=15.24 (15.3s)
[GAN] epoch 16/25 D_real=0.385 D_fake=0.331 G_adv=1.850 G_L1=0.2252 | val L1=0.1033 SSIM=0.4633 PSNR=15.47 (15.3s)
[GAN] epoch 17/25 D_real=0.387 D_fake=0.319 G_adv=1.846 G_L1=0.2256 | val L1=0.1079 SSIM=0.4502 PSNR=15.14 (15.3s)
[GAN] epoch 18/25 D_real=0.383 D_fake=0.314 G_adv=1.842 G_L1=0.2241 | val L1=0.1057 SSIM=0.4560 PSNR=15.33 (15.3s)
[GAN] epoch 19/25 D_real=0.375 D_fake=0.320 G_adv=1.793 G_L1=0.2237 | val L1=0.1034 SSIM=0.4593 PSNR=15.51 (15.3s)
[GAN] epoch 20/25 D_real=0.379 D_fake=0.315 G_adv=1.780 G_L1=0.2214 | val L1=0.1037 SSIM=0.4632 PSNR=15.44 (15.3s)
[GAN] epoch 21/25 D_real=0.375 D_fake=0.313 G_adv=1.746 G_L1=0.2205 | val L1=0.1032 SSIM=0.4574 PSNR=15.56 (15.3s)
[GAN] epoch 22/25 D_real=0.365 D_fake=0.304 G_adv=1.721 G_L1=0.2206 | val L1=0.1042 SSIM=0.4561 PSNR=15.41 (15.3s)
[GAN] epoch 23/25 D_real=0.374 D_fake=0.305 G_adv=1.691 G_L1=0.2198 | val L1=0.1031 SSIM=0.4589 PSNR=15.50 (15.3s)
[GAN] epoch 24/25 D_real=0.358 D_fake=0.297 G_adv=1.682 G_L1=0.2184 | val L1=0.1025 SSIM=0.4626 PSNR=15.52 (15.3s)
[GAN] epoch 25/25 D_real=0.345 D_fake=0.284 G_adv=1.674 G_L1=0.2181 | val L1=0.1027 SSIM=0.4624 PSNR=15.49 (15.3s)
[I 2026-10-03 20:51:04,404] Trial 15 finished with value: 0.3199411428199624 and parameters: {'lr_g': 0.0003984769571697636, 'lr_d': 0.000159940779591316, 'batch_size': 8, 'base_channels': 64, 'dropout': 0.32052320209359025, 'style_dim': 16, 'lambda_l1': 137.92527415506808}. Best is trial 15 with value: 0.3199411428199624.
[GAN] epoch 1/25 D_real=0.488 D_fake=0.444 G_adv=1.378 G_L1=0.2920 | val L1=0.1173 SSIM=0.4456 PSNR=15.05 (26.7s)
[GAN] epoch 2/25 D_real=0.259 D_fake=0.230 G_adv=2.218 G_L1=0.2559 | val L1=0.1169 SSIM=0.4311 PSNR=14.85 (13.3s)
[GAN] epoch 3/25 D_real=0.286 D_fake=0.244 G_adv=2.248 G_L1=0.2545 | val L1=0.1149 SSIM=0.4432 PSNR=14.80 (14.7s)
[GAN] epoch 4/25 D_real=0.318 D_fake=0.264 G_adv=2.159 G_L1=0.2516 | val L1=0.1212 SSIM=0.4338 PSNR=14.28 (15.3s)
[GAN] epoch 5/25 D_real=0.353 D_fake=0.283 G_adv=2.055 G_L1=0.2485 | val L1=0.1175 SSIM=0.4352 PSNR=14.88 (15.3s)
[GAN] epoch 6/25 D_real=0.351 D_fake=0.286 G_adv=2.005 G_L1=0.2455 | val L1=0.1108 SSIM=0.4459 PSNR=15.04 (15.3s)
[GAN] epoch 7/25 D_real=0.368 D_fake=0.300 G_adv=1.990 G_L1=0.2399 | val L1=0.1180 SSIM=0.4208 PSNR=14.92 (15.3s)
[GAN] epoch 8/25 D_real=0.355 D_fake=0.290 G_adv=1.950 G_L1=0.2374 | val L1=0.1092 SSIM=0.4503 PSNR=15.10 (15.3s)
[GAN] epoch 9/25 D_real=0.364 D_fake=0.300 G_adv=1.936 G_L1=0.2368 | val L1=0.1098 SSIM=0.4455 PSNR=15.10 (15.3s)
[GAN] epoch 10/25 D_real=0.379 D_fake=0.298 G_adv=1.970 G_L1=0.2324 | val L1=0.1088 SSIM=0.4512 PSNR=15.20 (15.3s)
[GAN] epoch 11/25 D_real=0.376 D_fake=0.304 G_adv=1.952 G_L1=0.2320 | val L1=0.1067 SSIM=0.4576 PSNR=15.26 (15.3s)
[GAN] epoch 12/25 D_real=0.380 D_fake=0.311 G_adv=1.901 G_L1=0.2306 | val L1=0.1082 SSIM=0.4500 PSNR=15.18 (15.3s)
[GAN] epoch 13/25 D_real=0.403 D_fake=0.319 G_adv=1.922 G_L1=0.2274 | val L1=0.1078 SSIM=0.4469 PSNR=15.29 (15.3s)
[GAN] epoch 14/25 D_real=0.381 D_fake=0.312 G_adv=1.837 G_L1=0.2268 | val L1=0.1055 SSIM=0.4561 PSNR=15.30 (15.3s)
[GAN] epoch 15/25 D_real=0.386 D_fake=0.317 G_adv=1.817 G_L1=0.2253 | val L1=0.1066 SSIM=0.4527 PSNR=15.26 (15.3s)
[GAN] epoch 16/25 D_real=0.391 D_fake=0.323 G_adv=1.790 G_L1=0.2226 | val L1=0.1032 SSIM=0.4655 PSNR=15.41 (15.3s)
[GAN] epoch 17/25 D_real=0.394 D_fake=0.317 G_adv=1.753 G_L1=0.2229 | val L1=0.1062 SSIM=0.4587 PSNR=15.20 (15.3s)
[GAN] epoch 18/25 D_real=0.399 D_fake=0.322 G_adv=1.724 G_L1=0.2214 | val L1=0.1052 SSIM=0.4580 PSNR=15.36 (15.3s)
[GAN] epoch 19/25 D_real=0.391 D_fake=0.331 G_adv=1.682 G_L1=0.2208 | val L1=0.1042 SSIM=0.4587 PSNR=15.45 (15.5s)
[GAN] epoch 20/25 D_real=0.396 D_fake=0.321 G_adv=1.676 G_L1=0.2189 | val L1=0.1038 SSIM=0.4646 PSNR=15.39 (15.3s)
[GAN] epoch 21/25 D_real=0.395 D_fake=0.328 G_adv=1.642 G_L1=0.2176 | val L1=0.1032 SSIM=0.4591 PSNR=15.51 (15.3s)
[GAN] epoch 22/25 D_real=0.400 D_fake=0.326 G_adv=1.602 G_L1=0.2173 | val L1=0.1042 SSIM=0.4595 PSNR=15.42 (15.3s)
[GAN] epoch 23/25 D_real=0.406 D_fake=0.324 G_adv=1.581 G_L1=0.2160 | val L1=0.1026 SSIM=0.4630 PSNR=15.47 (15.3s)
[GAN] epoch 24/25 D_real=0.399 D_fake=0.327 G_adv=1.568 G_L1=0.2153 | val L1=0.1023 SSIM=0.4644 PSNR=15.51 (15.3s)
[GAN] epoch 25/25 D_real=0.391 D_fake=0.317 G_adv=1.571 G_L1=0.2144 | val L1=0.1022 SSIM=0.4657 PSNR=15.50 (15.3s)
[I 2026-10-03 20:58:03,518] Trial 16 finished with value: 0.3182656832461087 and parameters: {'lr_g': 0.00028181914014398593, 'lr_d': 8.909271519187185e-05, 'batch_size': 8, 'base_channels': 64, 'dropout': 0.03649644443794553, 'style_dim': 16, 'lambda_l1': 155.66524941820126}. Best is trial 16 with value: 0.3182656832461087.
[GAN] epoch 1/25 D_real=0.510 D_fake=0.464 G_adv=1.331 G_L1=0.2974 | val L1=0.1200 SSIM=0.4343 PSNR=14.68 (26.9s)
[GAN] epoch 2/25 D_real=0.399 D_fake=0.356 G_adv=1.726 G_L1=0.2642 | val L1=0.1216 SSIM=0.4147 PSNR=14.36 (13.3s)
[GAN] epoch 3/25 D_real=0.438 D_fake=0.377 G_adv=1.603 G_L1=0.2638 | val L1=0.1203 SSIM=0.4163 PSNR=14.35 (15.3s)
[GAN] epoch 4/25 D_real=0.471 D_fake=0.406 G_adv=1.487 G_L1=0.2600 | val L1=0.1271 SSIM=0.4112 PSNR=13.87 (15.3s)
[GAN] epoch 5/25 D_real=0.498 D_fake=0.425 G_adv=1.428 G_L1=0.2568 | val L1=0.1192 SSIM=0.4196 PSNR=14.66 (15.3s)
[GAN] epoch 6/25 D_real=0.495 D_fake=0.430 G_adv=1.428 G_L1=0.2532 | val L1=0.1149 SSIM=0.4306 PSNR=14.75 (15.3s)
[GAN] epoch 7/25 D_real=0.507 D_fake=0.439 G_adv=1.408 G_L1=0.2490 | val L1=0.1214 SSIM=0.4086 PSNR=14.68 (15.3s)
[GAN] epoch 8/25 D_real=0.501 D_fake=0.433 G_adv=1.381 G_L1=0.2466 | val L1=0.1130 SSIM=0.4346 PSNR=14.82 (15.3s)
[GAN] epoch 9/25 D_real=0.505 D_fake=0.441 G_adv=1.352 G_L1=0.2450 | val L1=0.1147 SSIM=0.4339 PSNR=14.74 (15.3s)
[GAN] epoch 10/25 D_real=0.512 D_fake=0.445 G_adv=1.366 G_L1=0.2421 | val L1=0.1165 SSIM=0.4316 PSNR=14.69 (15.3s)
[GAN] epoch 11/25 D_real=0.518 D_fake=0.447 G_adv=1.374 G_L1=0.2420 | val L1=0.1114 SSIM=0.4433 PSNR=14.92 (15.3s)
[GAN] epoch 12/25 D_real=0.510 D_fake=0.452 G_adv=1.362 G_L1=0.2389 | val L1=0.1118 SSIM=0.4362 PSNR=14.94 (15.3s)
[GAN] epoch 13/25 D_real=0.527 D_fake=0.451 G_adv=1.351 G_L1=0.2365 | val L1=0.1095 SSIM=0.4421 PSNR=15.15 (15.3s)
[GAN] epoch 14/25 D_real=0.510 D_fake=0.450 G_adv=1.308 G_L1=0.2358 | val L1=0.1102 SSIM=0.4386 PSNR=14.97 (15.3s)
[GAN] epoch 15/25 D_real=0.516 D_fake=0.453 G_adv=1.305 G_L1=0.2340 | val L1=0.1132 SSIM=0.4338 PSNR=14.79 (15.3s)
[GAN] epoch 16/25 D_real=0.519 D_fake=0.463 G_adv=1.265 G_L1=0.2312 | val L1=0.1062 SSIM=0.4558 PSNR=15.20 (15.3s)
[GAN] epoch 17/25 D_real=0.514 D_fake=0.450 G_adv=1.270 G_L1=0.2308 | val L1=0.1107 SSIM=0.4473 PSNR=14.89 (15.3s)
[GAN] epoch 18/25 D_real=0.513 D_fake=0.450 G_adv=1.259 G_L1=0.2294 | val L1=0.1079 SSIM=0.4513 PSNR=15.14 (15.3s)
[GAN] epoch 19/25 D_real=0.505 D_fake=0.451 G_adv=1.245 G_L1=0.2289 | val L1=0.1072 SSIM=0.4497 PSNR=15.25 (15.3s)
[GAN] epoch 20/25 D_real=0.506 D_fake=0.446 G_adv=1.246 G_L1=0.2268 | val L1=0.1081 SSIM=0.4531 PSNR=15.10 (15.3s)
[GAN] epoch 21/25 D_real=0.510 D_fake=0.450 G_adv=1.215 G_L1=0.2257 | val L1=0.1060 SSIM=0.4507 PSNR=15.35 (15.3s)
[GAN] epoch 22/25 D_real=0.502 D_fake=0.442 G_adv=1.207 G_L1=0.2259 | val L1=0.1073 SSIM=0.4483 PSNR=15.18 (15.3s)
[GAN] epoch 23/25 D_real=0.500 D_fake=0.437 G_adv=1.202 G_L1=0.2247 | val L1=0.1061 SSIM=0.4502 PSNR=15.27 (15.3s)
[GAN] epoch 24/25 D_real=0.495 D_fake=0.440 G_adv=1.187 G_L1=0.2235 | val L1=0.1049 SSIM=0.4560 PSNR=15.35 (15.3s)
[GAN] epoch 25/25 D_real=0.484 D_fake=0.424 G_adv=1.196 G_L1=0.2225 | val L1=0.1056 SSIM=0.4548 PSNR=15.28 (15.3s)
[I 2026-10-03 21:05:03,258] Trial 17 finished with value: 0.32443244652178305 and parameters: {'lr_g': 0.00024971043865970713, 'lr_d': 0.00010507408229187533, 'batch_size': 8, 'base_channels': 64, 'dropout': 0.2937911954370251, 'style_dim': 16, 'lambda_l1': 70.77261935454712}. Best is trial 16 with value: 0.3182656832461087.
[GAN] epoch 1/25 D_real=0.490 D_fake=0.446 G_adv=1.551 G_L1=0.2995 | val L1=0.1205 SSIM=0.4409 PSNR=14.65 (27.0s)
[GAN] epoch 2/25 D_real=0.363 D_fake=0.315 G_adv=2.043 G_L1=0.2637 | val L1=0.1202 SSIM=0.4174 PSNR=14.55 (13.2s)
[GAN] epoch 3/25 D_real=0.392 D_fake=0.323 G_adv=1.960 G_L1=0.2615 | val L1=0.1177 SSIM=0.4157 PSNR=14.59 (14.9s)
[GAN] epoch 4/25 D_real=0.419 D_fake=0.347 G_adv=1.847 G_L1=0.2568 | val L1=0.1263 SSIM=0.4103 PSNR=13.94 (14.8s)
[GAN] epoch 5/25 D_real=0.435 D_fake=0.365 G_adv=1.773 G_L1=0.2540 | val L1=0.1155 SSIM=0.4229 PSNR=14.99 (14.8s)
[GAN] epoch 6/25 D_real=0.437 D_fake=0.366 G_adv=1.805 G_L1=0.2498 | val L1=0.1134 SSIM=0.4329 PSNR=14.91 (14.8s)
[GAN] epoch 7/25 D_real=0.427 D_fake=0.358 G_adv=1.756 G_L1=0.2455 | val L1=0.1203 SSIM=0.4082 PSNR=14.78 (14.8s)
[GAN] epoch 8/25 D_real=0.424 D_fake=0.358 G_adv=1.791 G_L1=0.2431 | val L1=0.1121 SSIM=0.4312 PSNR=14.91 (14.8s)
[GAN] epoch 9/25 D_real=0.439 D_fake=0.371 G_adv=1.759 G_L1=0.2417 | val L1=0.1100 SSIM=0.4362 PSNR=15.08 (14.8s)
[GAN] epoch 10/25 D_real=0.450 D_fake=0.376 G_adv=1.782 G_L1=0.2380 | val L1=0.1103 SSIM=0.4456 PSNR=15.17 (14.8s)
[GAN] epoch 11/25 D_real=0.439 D_fake=0.367 G_adv=1.760 G_L1=0.2388 | val L1=0.1094 SSIM=0.4493 PSNR=15.08 (14.8s)
[GAN] epoch 12/25 D_real=0.445 D_fake=0.377 G_adv=1.800 G_L1=0.2353 | val L1=0.1069 SSIM=0.4480 PSNR=15.36 (14.8s)
[GAN] epoch 13/25 D_real=0.433 D_fake=0.353 G_adv=1.755 G_L1=0.2337 | val L1=0.1093 SSIM=0.4388 PSNR=15.16 (14.8s)
[GAN] epoch 14/25 D_real=0.408 D_fake=0.356 G_adv=1.783 G_L1=0.2326 | val L1=0.1085 SSIM=0.4413 PSNR=15.10 (14.8s)
[GAN] epoch 15/25 D_real=0.410 D_fake=0.349 G_adv=1.801 G_L1=0.2313 | val L1=0.1056 SSIM=0.4475 PSNR=15.39 (14.8s)
[GAN] epoch 16/25 D_real=0.397 D_fake=0.355 G_adv=1.775 G_L1=0.2284 | val L1=0.1050 SSIM=0.4545 PSNR=15.33 (14.8s)
[GAN] epoch 17/25 D_real=0.400 D_fake=0.343 G_adv=1.735 G_L1=0.2296 | val L1=0.1094 SSIM=0.4419 PSNR=15.00 (14.8s)
[GAN] epoch 18/25 D_real=0.401 D_fake=0.341 G_adv=1.711 G_L1=0.2279 | val L1=0.1070 SSIM=0.4458 PSNR=15.23 (14.8s)
[GAN] epoch 19/25 D_real=0.382 D_fake=0.341 G_adv=1.697 G_L1=0.2271 | val L1=0.1059 SSIM=0.4473 PSNR=15.36 (14.8s)
[GAN] epoch 20/25 D_real=0.383 D_fake=0.333 G_adv=1.711 G_L1=0.2251 | val L1=0.1075 SSIM=0.4464 PSNR=15.16 (14.8s)
[GAN] epoch 21/25 D_real=0.377 D_fake=0.331 G_adv=1.657 G_L1=0.2251 | val L1=0.1045 SSIM=0.4467 PSNR=15.44 (14.9s)
[GAN] epoch 22/25 D_real=0.365 D_fake=0.316 G_adv=1.681 G_L1=0.2243 | val L1=0.1064 SSIM=0.4417 PSNR=15.30 (14.8s)
[GAN] epoch 23/25 D_real=0.368 D_fake=0.318 G_adv=1.644 G_L1=0.2233 | val L1=0.1049 SSIM=0.4481 PSNR=15.38 (14.8s)
[GAN] epoch 24/25 D_real=0.360 D_fake=0.311 G_adv=1.602 G_L1=0.2225 | val L1=0.1040 SSIM=0.4496 PSNR=15.44 (15.0s)
[GAN] epoch 25/25 D_real=0.347 D_fake=0.302 G_adv=1.599 G_L1=0.2219 | val L1=0.1043 SSIM=0.4503 PSNR=15.40 (14.8s)
[I 2026-10-03 21:11:52,522] Trial 18 finished with value: 0.3252691855220675 and parameters: {'lr_g': 0.00040775616048078594, 'lr_d': 0.00016915617827195067, 'batch_size': 8, 'base_channels': 64, 'dropout': 0.24165534310408177, 'style_dim': 8, 'lambda_l1': 102.18530046888011}. Best is trial 16 with value: 0.3182656832461087.
[GAN] epoch 1/25 D_real=0.521 D_fake=0.474 G_adv=1.262 G_L1=0.2845 | val L1=0.1171 SSIM=0.4495 PSNR=15.02 (27.4s)
[GAN] epoch 2/25 D_real=0.273 D_fake=0.247 G_adv=2.075 G_L1=0.2572 | val L1=0.1174 SSIM=0.4419 PSNR=14.78 (13.6s)
[GAN] epoch 3/25 D_real=0.301 D_fake=0.259 G_adv=2.100 G_L1=0.2566 | val L1=0.1173 SSIM=0.4348 PSNR=14.62 (15.3s)
[GAN] epoch 4/25 D_real=0.336 D_fake=0.282 G_adv=1.998 G_L1=0.2532 | val L1=0.1262 SSIM=0.4224 PSNR=13.99 (15.3s)
[GAN] epoch 5/25 D_real=0.381 D_fake=0.306 G_adv=1.878 G_L1=0.2504 | val L1=0.1166 SSIM=0.4326 PSNR=14.87 (15.2s)
[GAN] epoch 6/25 D_real=0.383 D_fake=0.311 G_adv=1.853 G_L1=0.2456 | val L1=0.1128 SSIM=0.4407 PSNR=14.92 (15.3s)
[GAN] epoch 7/25 D_real=0.399 D_fake=0.325 G_adv=1.855 G_L1=0.2418 | val L1=0.1174 SSIM=0.4278 PSNR=14.95 (15.3s)
[GAN] epoch 8/25 D_real=0.379 D_fake=0.313 G_adv=1.802 G_L1=0.2388 | val L1=0.1091 SSIM=0.4526 PSNR=15.10 (15.3s)
[GAN] epoch 9/25 D_real=0.387 D_fake=0.313 G_adv=1.789 G_L1=0.2386 | val L1=0.1079 SSIM=0.4537 PSNR=15.20 (15.3s)
[GAN] epoch 10/25 D_real=0.395 D_fake=0.322 G_adv=1.807 G_L1=0.2329 | val L1=0.1090 SSIM=0.4558 PSNR=15.19 (15.3s)
[GAN] epoch 11/25 D_real=0.405 D_fake=0.328 G_adv=1.835 G_L1=0.2327 | val L1=0.1062 SSIM=0.4675 PSNR=15.19 (15.3s)
[GAN] epoch 12/25 D_real=0.400 D_fake=0.326 G_adv=1.790 G_L1=0.2301 | val L1=0.1071 SSIM=0.4546 PSNR=15.20 (15.3s)
[GAN] epoch 13/25 D_real=0.420 D_fake=0.333 G_adv=1.781 G_L1=0.2276 | val L1=0.1049 SSIM=0.4608 PSNR=15.45 (15.3s)
[GAN] epoch 14/25 D_real=0.398 D_fake=0.333 G_adv=1.721 G_L1=0.2276 | val L1=0.1054 SSIM=0.4622 PSNR=15.31 (15.3s)
[GAN] epoch 15/25 D_real=0.404 D_fake=0.332 G_adv=1.710 G_L1=0.2256 | val L1=0.1079 SSIM=0.4537 PSNR=15.19 (15.3s)
[GAN] epoch 16/25 D_real=0.415 D_fake=0.345 G_adv=1.676 G_L1=0.2235 | val L1=0.1027 SSIM=0.4726 PSNR=15.42 (15.3s)
[GAN] epoch 17/25 D_real=0.413 D_fake=0.335 G_adv=1.648 G_L1=0.2230 | val L1=0.1059 SSIM=0.4641 PSNR=15.21 (15.3s)
[GAN] epoch 18/25 D_real=0.415 D_fake=0.338 G_adv=1.629 G_L1=0.2208 | val L1=0.1047 SSIM=0.4670 PSNR=15.36 (15.3s)
[GAN] epoch 19/25 D_real=0.416 D_fake=0.349 G_adv=1.587 G_L1=0.2204 | val L1=0.1022 SSIM=0.4695 PSNR=15.54 (15.3s)
[GAN] epoch 20/25 D_real=0.428 D_fake=0.348 G_adv=1.569 G_L1=0.2182 | val L1=0.1030 SSIM=0.4697 PSNR=15.43 (15.3s)
[GAN] epoch 21/25 D_real=0.422 D_fake=0.348 G_adv=1.548 G_L1=0.2171 | val L1=0.1022 SSIM=0.4662 PSNR=15.57 (15.3s)
[GAN] epoch 22/25 D_real=0.429 D_fake=0.348 G_adv=1.513 G_L1=0.2168 | val L1=0.1029 SSIM=0.4685 PSNR=15.46 (15.3s)
[GAN] epoch 23/25 D_real=0.436 D_fake=0.351 G_adv=1.489 G_L1=0.2158 | val L1=0.1016 SSIM=0.4702 PSNR=15.54 (15.3s)
[GAN] epoch 24/25 D_real=0.433 D_fake=0.354 G_adv=1.475 G_L1=0.2149 | val L1=0.1007 SSIM=0.4741 PSNR=15.61 (15.3s)
[GAN] epoch 25/25 D_real=0.419 D_fake=0.341 G_adv=1.484 G_L1=0.2137 | val L1=0.1012 SSIM=0.4736 PSNR=15.56 (15.3s)
[I 2026-10-03 21:18:52,967] Trial 19 finished with value: 0.31332278176673556 and parameters: {'lr_g': 0.0004520364418179576, 'lr_d': 7.378339531328186e-05, 'batch_size': 8, 'base_channels': 64, 'dropout': 0.1171964990526542, 'style_dim': 16, 'lambda_l1': 148.69618634878626}. Best is trial 19 with value: 0.31332278176673556.
[GAN] epoch 1/25 D_real=0.466 D_fake=0.418 G_adv=1.477 G_L1=0.3217 | val L1=0.1207 SSIM=0.4249 PSNR=14.80 (27.5s)
[GAN] epoch 2/25 D_real=0.348 D_fake=0.310 G_adv=1.912 G_L1=0.2624 | val L1=0.1216 SSIM=0.4069 PSNR=14.49 (13.7s)
[GAN] epoch 3/25 D_real=0.378 D_fake=0.322 G_adv=1.843 G_L1=0.2615 | val L1=0.1195 SSIM=0.4155 PSNR=14.43 (15.3s)
[GAN] epoch 4/25 D_real=0.401 D_fake=0.346 G_adv=1.777 G_L1=0.2585 | val L1=0.1264 SSIM=0.4049 PSNR=14.02 (15.3s)
[GAN] epoch 5/25 D_real=0.446 D_fake=0.379 G_adv=1.649 G_L1=0.2558 | val L1=0.1184 SSIM=0.4122 PSNR=14.73 (15.3s)
[GAN] epoch 6/25 D_real=0.445 D_fake=0.382 G_adv=1.595 G_L1=0.2535 | val L1=0.1154 SSIM=0.4142 PSNR=14.73 (15.3s)
[GAN] epoch 7/25 D_real=0.467 D_fake=0.403 G_adv=1.568 G_L1=0.2498 | val L1=0.1211 SSIM=0.4015 PSNR=14.71 (15.3s)
[GAN] epoch 8/25 D_real=0.455 D_fake=0.389 G_adv=1.516 G_L1=0.2470 | val L1=0.1144 SSIM=0.4183 PSNR=14.88 (15.3s)
[I 2026-10-03 21:21:23,122] Trial 20 pruned. 
[GAN] epoch 1/25 D_real=0.405 D_fake=0.367 G_adv=1.729 G_L1=0.2802 | val L1=0.1175 SSIM=0.4481 PSNR=14.82 (27.1s)
[GAN] epoch 2/25 D_real=0.281 D_fake=0.239 G_adv=2.302 G_L1=0.2596 | val L1=0.1216 SSIM=0.4211 PSNR=14.46 (14.9s)
[GAN] epoch 3/25 D_real=0.315 D_fake=0.263 G_adv=2.215 G_L1=0.2569 | val L1=0.1166 SSIM=0.4300 PSNR=14.65 (15.5s)
[GAN] epoch 4/25 D_real=0.339 D_fake=0.283 G_adv=2.130 G_L1=0.2526 | val L1=0.1276 SSIM=0.4155 PSNR=13.83 (17.2s)
[GAN] epoch 5/25 D_real=0.369 D_fake=0.300 G_adv=2.048 G_L1=0.2486 | val L1=0.1204 SSIM=0.4219 PSNR=14.55 (18.3s)
[GAN] epoch 6/25 D_real=0.366 D_fake=0.300 G_adv=2.062 G_L1=0.2451 | val L1=0.1131 SSIM=0.4430 PSNR=14.89 (19.2s)
[GAN] epoch 7/25 D_real=0.367 D_fake=0.301 G_adv=2.019 G_L1=0.2419 | val L1=0.1129 SSIM=0.4361 PSNR=15.21 (19.2s)
[GAN] epoch 8/25 D_real=0.371 D_fake=0.300 G_adv=1.972 G_L1=0.2388 | val L1=0.1114 SSIM=0.4356 PSNR=15.01 (19.2s)
[GAN] epoch 9/25 D_real=0.373 D_fake=0.305 G_adv=2.005 G_L1=0.2358 | val L1=0.1056 SSIM=0.4584 PSNR=15.40 (19.2s)
[GAN] epoch 10/25 D_real=0.376 D_fake=0.305 G_adv=2.014 G_L1=0.2330 | val L1=0.1121 SSIM=0.4395 PSNR=14.99 (19.2s)
[GAN] epoch 11/25 D_real=0.384 D_fake=0.314 G_adv=2.013 G_L1=0.2311 | val L1=0.1074 SSIM=0.4550 PSNR=15.24 (19.2s)
[GAN] epoch 12/25 D_real=0.375 D_fake=0.301 G_adv=1.972 G_L1=0.2319 | val L1=0.1060 SSIM=0.4509 PSNR=15.35 (19.2s)
[GAN] epoch 13/25 D_real=0.391 D_fake=0.315 G_adv=1.998 G_L1=0.2295 | val L1=0.1069 SSIM=0.4546 PSNR=15.26 (19.4s)
[GAN] epoch 14/25 D_real=0.380 D_fake=0.314 G_adv=1.976 G_L1=0.2274 | val L1=0.1057 SSIM=0.4544 PSNR=15.40 (19.2s)
[GAN] epoch 15/25 D_real=0.373 D_fake=0.309 G_adv=1.971 G_L1=0.2251 | val L1=0.1059 SSIM=0.4545 PSNR=15.26 (19.2s)
[GAN] epoch 16/25 D_real=0.378 D_fake=0.314 G_adv=1.917 G_L1=0.2246 | val L1=0.1033 SSIM=0.4615 PSNR=15.54 (19.2s)
[GAN] epoch 17/25 D_real=0.375 D_fake=0.305 G_adv=1.893 G_L1=0.2235 | val L1=0.1057 SSIM=0.4560 PSNR=15.28 (19.2s)
[GAN] epoch 18/25 D_real=0.373 D_fake=0.306 G_adv=1.879 G_L1=0.2222 | val L1=0.1029 SSIM=0.4646 PSNR=15.51 (19.2s)
[GAN] epoch 19/25 D_real=0.371 D_fake=0.306 G_adv=1.848 G_L1=0.2214 | val L1=0.1038 SSIM=0.4588 PSNR=15.48 (19.2s)
[GAN] epoch 20/25 D_real=0.376 D_fake=0.308 G_adv=1.798 G_L1=0.2202 | val L1=0.1026 SSIM=0.4673 PSNR=15.46 (19.2s)
[GAN] epoch 21/25 D_real=0.367 D_fake=0.305 G_adv=1.781 G_L1=0.2185 | val L1=0.1032 SSIM=0.4551 PSNR=15.49 (19.2s)
[GAN] epoch 22/25 D_real=0.363 D_fake=0.301 G_adv=1.762 G_L1=0.2176 | val L1=0.1047 SSIM=0.4558 PSNR=15.38 (19.2s)
[GAN] epoch 23/25 D_real=0.376 D_fake=0.299 G_adv=1.719 G_L1=0.2173 | val L1=0.1024 SSIM=0.4615 PSNR=15.53 (19.2s)
[GAN] epoch 24/25 D_real=0.356 D_fake=0.292 G_adv=1.705 G_L1=0.2161 | val L1=0.1021 SSIM=0.4628 PSNR=15.57 (19.2s)
[GAN] epoch 25/25 D_real=0.352 D_fake=0.285 G_adv=1.705 G_L1=0.2156 | val L1=0.1016 SSIM=0.4654 PSNR=15.56 (19.2s)
[I 2026-10-03 21:30:28,733] Trial 21 finished with value: 0.3176865435246402 and parameters: {'lr_g': 0.0002915215934540714, 'lr_d': 9.44248742231207e-05, 'batch_size': 4, 'base_channels': 64, 'dropout': 0.04226312261167152, 'style_dim': 16, 'lambda_l1': 158.73324651371465}. Best is trial 19 with value: 0.31332278176673556.
C:\Users\KENKINIKI\Desktop\New folder (2)\src\optimization\search.py:129: ExperimentalWarning: optuna.visualization.matplotlib._optimization_history.plot_optimization_history is experimental (supported from v2.2.0). The interface can change in the future.
  ax = ovm.plot_optimization_history(study)
C:\Users\KENKINIKI\Desktop\New folder (2)\src\optimization\search.py:136: ExperimentalWarning: optuna.visualization.matplotlib._param_importances.plot_param_importances is experimental (supported from v2.2.0). The interface can change in the future.
  ax = ovm.plot_param_importances(study)
C:\Users\KENKINIKI\Desktop\New folder (2)\src\optimization\search.py:142: ExperimentalWarning: optuna.visualization.matplotlib._intermediate_values.plot_intermediate_values is experimental (supported from v2.2.0). The interface can change in the future.
  ax = ovm.plot_intermediate_values(study)
[optuna] best value 0.31332278176673556 params {'lr_g': 0.0004520364418179576, 'lr_d': 7.378339531328186e-05, 'batch_size': 8, 'base_channels': 64, 'dropout': 0.1171964990526542, 'style_dim': 16, 'lambda_l1': 148.69618634878626}
