[I 2026-09-25 14:29:12,543] A new study created in RDB with name: task2_classifier_final
[optuna] study task2_classifier_final: 0 finished trials, running 25 more
[CLS] epoch 1/10 loss=0.2574 acc=0.9001 val_acc=0.7113 val_F1=0.6795 (22.4s)
[CLS] epoch 2/10 loss=0.0803 acc=0.9745 val_acc=0.8828 val_F1=0.8793 (3.2s)
[CLS] epoch 3/10 loss=0.0419 acc=0.9840 val_acc=0.9260 val_F1=0.9246 (3.5s)
[CLS] epoch 4/10 loss=0.0507 acc=0.9847 val_acc=0.9575 val_F1=0.9576 (3.7s)
[CLS] epoch 5/10 loss=0.0471 acc=0.9851 val_acc=0.9915 val_F1=0.9915 (3.7s)
[CLS] epoch 6/10 loss=0.0251 acc=0.9925 val_acc=0.9586 val_F1=0.9585 (3.7s)
[CLS] epoch 7/10 loss=0.0262 acc=0.9915 val_acc=0.9857 val_F1=0.9857 (3.7s)
[CLS] epoch 8/10 loss=0.0209 acc=0.9935 val_acc=0.9929 val_F1=0.9929 (3.7s)
[CLS] epoch 9/10 loss=0.0178 acc=0.9939 val_acc=0.9935 val_F1=0.9935 (3.7s)
[CLS] epoch 10/10 loss=0.0216 acc=0.9949 val_acc=0.9932 val_F1=0.9932 (3.7s)
[I 2026-09-25 14:30:46,665] Trial 0 finished with value: 0.006453831154596079 and parameters: {'lr': 0.001, 'batch_size': 64, 'base_channels': 32, 'channel_plan': 'standard', 'dropout': 0.3, 'weight_decay': 0.0001}. Best is trial 0 with value: 0.006453831154596079.
[CLS] epoch 1/10 loss=0.4155 acc=0.8798 val_acc=0.9511 val_F1=0.9509 (17.8s)
[CLS] epoch 2/10 loss=0.1059 acc=0.9701 val_acc=0.9796 val_F1=0.9796 (1.8s)
[CLS] epoch 3/10 loss=0.0541 acc=0.9857 val_acc=0.9861 val_F1=0.9861 (1.9s)
[CLS] epoch 4/10 loss=0.0384 acc=0.9895 val_acc=0.9864 val_F1=0.9864 (2.0s)
[CLS] epoch 5/10 loss=0.0301 acc=0.9918 val_acc=0.9918 val_F1=0.9918 (2.0s)
[CLS] epoch 6/10 loss=0.0308 acc=0.9895 val_acc=0.9922 val_F1=0.9922 (2.0s)
[CLS] epoch 7/10 loss=0.0222 acc=0.9939 val_acc=0.9939 val_F1=0.9939 (2.0s)
[CLS] epoch 8/10 loss=0.0192 acc=0.9932 val_acc=0.9901 val_F1=0.9901 (2.1s)
[CLS] epoch 9/10 loss=0.0208 acc=0.9939 val_acc=0.9912 val_F1=0.9912 (2.1s)
[CLS] epoch 10/10 loss=0.0183 acc=0.9942 val_acc=0.9939 val_F1=0.9939 (2.1s)
[I 2026-09-25 14:31:52,573] Trial 1 finished with value: 0.006114232019598043 and parameters: {'lr': 0.0003574712922600243, 'batch_size': 32, 'base_channels': 16, 'channel_plan': 'shallow', 'dropout': 0.010292247147901223, 'weight_decay': 0.00757947995334801}. Best is trial 1 with value: 0.006114232019598043.
[CLS] epoch 1/10 loss=0.1808 acc=0.9287 val_acc=0.8828 val_F1=0.8826 (18.8s)
[CLS] epoch 2/10 loss=0.0777 acc=0.9732 val_acc=0.9623 val_F1=0.9622 (3.3s)
[CLS] epoch 3/10 loss=0.0505 acc=0.9830 val_acc=0.9827 val_F1=0.9826 (3.8s)
[CLS] epoch 4/10 loss=0.0442 acc=0.9857 val_acc=0.9854 val_F1=0.9855 (3.8s)
[CLS] epoch 5/10 loss=0.0337 acc=0.9871 val_acc=0.9881 val_F1=0.9881 (3.8s)
[CLS] epoch 6/10 loss=0.0322 acc=0.9915 val_acc=0.9881 val_F1=0.9881 (3.8s)
[CLS] epoch 7/10 loss=0.0185 acc=0.9939 val_acc=0.9912 val_F1=0.9912 (3.8s)
[CLS] epoch 8/10 loss=0.0172 acc=0.9946 val_acc=0.9861 val_F1=0.9861 (3.8s)
[CLS] epoch 9/10 loss=0.0216 acc=0.9932 val_acc=0.9925 val_F1=0.9925 (3.9s)
[CLS] epoch 10/10 loss=0.0158 acc=0.9946 val_acc=0.9942 val_F1=0.9942 (3.8s)
[I 2026-09-25 14:33:14,484] Trial 2 finished with value: 0.005774459186729808 and parameters: {'lr': 0.0016967533607196547, 'batch_size': 32, 'base_channels': 32, 'channel_plan': 'standard', 'dropout': 0.14607232426760908, 'weight_decay': 2.9204338471814107e-05}. Best is trial 2 with value: 0.005774459186729808.
[CLS] epoch 1/10 loss=0.2186 acc=0.9141 val_acc=0.8054 val_F1=0.8062 (22.4s)
[CLS] epoch 2/10 loss=0.0895 acc=0.9715 val_acc=0.8183 val_F1=0.8082 (7.2s)
[CLS] epoch 3/10 loss=0.0720 acc=0.9779 val_acc=0.9827 val_F1=0.9827 (7.3s)
[CLS] epoch 4/10 loss=0.0523 acc=0.9834 val_acc=0.9898 val_F1=0.9898 (7.3s)
[CLS] epoch 5/10 loss=0.0322 acc=0.9895 val_acc=0.9830 val_F1=0.9829 (7.3s)
[CLS] epoch 6/10 loss=0.0360 acc=0.9881 val_acc=0.9908 val_F1=0.9908 (7.7s)
[CLS] epoch 7/10 loss=0.0258 acc=0.9925 val_acc=0.9925 val_F1=0.9925 (8.8s)
[CLS] epoch 8/10 loss=0.0183 acc=0.9908 val_acc=0.9918 val_F1=0.9919 (8.9s)
[CLS] epoch 9/10 loss=0.0184 acc=0.9929 val_acc=0.9915 val_F1=0.9915 (9.7s)
[CLS] epoch 10/10 loss=0.0196 acc=0.9925 val_acc=0.9918 val_F1=0.9918 (9.9s)
[I 2026-09-25 14:35:33,960] Trial 3 finished with value: 0.007470099444746969 and parameters: {'lr': 0.000471705203762518, 'batch_size': 32, 'base_channels': 48, 'channel_plan': 'wide_top', 'dropout': 0.4828160165372797, 'weight_decay': 0.0017123375973163992}. Best is trial 2 with value: 0.005774459186729808.
[CLS] epoch 1/10 loss=0.4276 acc=0.8431 val_acc=0.6399 val_F1=0.6281 (21.0s)
[CLS] epoch 2/10 loss=0.0991 acc=0.9721 val_acc=0.9766 val_F1=0.9767 (3.0s)
[CLS] epoch 3/10 loss=0.0545 acc=0.9844 val_acc=0.9861 val_F1=0.9861 (3.3s)
[CLS] epoch 4/10 loss=0.0420 acc=0.9874 val_acc=0.9905 val_F1=0.9905 (3.2s)
[CLS] epoch 5/10 loss=0.0452 acc=0.9864 val_acc=0.9891 val_F1=0.9891 (3.3s)
[CLS] epoch 6/10 loss=0.0275 acc=0.9946 val_acc=0.9806 val_F1=0.9806 (3.3s)
[CLS] epoch 7/10 loss=0.0241 acc=0.9925 val_acc=0.9912 val_F1=0.9912 (3.3s)
[I 2026-09-25 14:36:40,076] Trial 4 pruned. 
[CLS] epoch 1/10 loss=0.4702 acc=0.8584 val_acc=0.6726 val_F1=0.6391 (18.2s)
[CLS] epoch 2/10 loss=0.1133 acc=0.9671 val_acc=0.9755 val_F1=0.9757 (1.6s)
[CLS] epoch 3/10 loss=0.0522 acc=0.9885 val_acc=0.9854 val_F1=0.9854 (1.7s)
[CLS] epoch 4/10 loss=0.0385 acc=0.9898 val_acc=0.9885 val_F1=0.9884 (1.7s)
[CLS] epoch 5/10 loss=0.0356 acc=0.9885 val_acc=0.9823 val_F1=0.9823 (1.8s)
[I 2026-09-25 14:38:06,737] Trial 5 pruned. 
[CLS] epoch 1/10 loss=0.2734 acc=0.8916 val_acc=0.5740 val_F1=0.5061 (17.7s)
[CLS] epoch 2/10 loss=0.0961 acc=0.9694 val_acc=0.9823 val_F1=0.9823 (3.0s)
[CLS] epoch 3/10 loss=0.0541 acc=0.9817 val_acc=0.9691 val_F1=0.9690 (3.1s)
[I 2026-09-25 14:39:29,524] Trial 6 pruned. 
[CLS] epoch 1/10 loss=0.4179 acc=0.8577 val_acc=0.9113 val_F1=0.9097 (16.5s)
[CLS] epoch 2/10 loss=0.1510 acc=0.9504 val_acc=0.9609 val_F1=0.9608 (1.7s)
[CLS] epoch 3/10 loss=0.1051 acc=0.9647 val_acc=0.9688 val_F1=0.9686 (1.8s)
[I 2026-09-25 14:40:48,745] Trial 7 pruned. 
[CLS] epoch 1/10 loss=0.4251 acc=0.8431 val_acc=0.4711 val_F1=0.4041 (16.5s)
[CLS] epoch 2/10 loss=0.1509 acc=0.9538 val_acc=0.9633 val_F1=0.9637 (1.6s)
[CLS] epoch 3/10 loss=0.0862 acc=0.9704 val_acc=0.9752 val_F1=0.9751 (1.7s)
[I 2026-09-25 14:42:07,143] Trial 8 pruned. 
[CLS] epoch 1/10 loss=0.1737 acc=0.9344 val_acc=0.9671 val_F1=0.9670 (17.6s)
[CLS] epoch 2/10 loss=0.0775 acc=0.9735 val_acc=0.9565 val_F1=0.9565 (2.9s)
[CLS] epoch 3/10 loss=0.0346 acc=0.9885 val_acc=0.9813 val_F1=0.9813 (3.0s)
[I 2026-09-25 14:43:29,594] Trial 9 pruned. 
[CLS] epoch 1/10 loss=0.1990 acc=0.9232 val_acc=0.9531 val_F1=0.9528 (17.5s)
[CLS] epoch 2/10 loss=0.0677 acc=0.9776 val_acc=0.8930 val_F1=0.8884 (3.0s)
[CLS] epoch 3/10 loss=0.0373 acc=0.9891 val_acc=0.9616 val_F1=0.9612 (3.0s)
[I 2026-09-25 14:44:51,972] Trial 10 pruned. 
[CLS] epoch 1/10 loss=0.1970 acc=0.9219 val_acc=0.9548 val_F1=0.9544 (17.7s)
[CLS] epoch 2/10 loss=0.0739 acc=0.9721 val_acc=0.8471 val_F1=0.8463 (3.0s)
[CLS] epoch 3/10 loss=0.0554 acc=0.9834 val_acc=0.9762 val_F1=0.9762 (3.0s)
[I 2026-09-25 14:46:14,224] Trial 11 pruned. 
[CLS] epoch 1/10 loss=0.6671 acc=0.7904 val_acc=0.9107 val_F1=0.9091 (16.3s)
[CLS] epoch 2/10 loss=0.2532 acc=0.9297 val_acc=0.9511 val_F1=0.9510 (1.6s)
[CLS] epoch 3/10 loss=0.1552 acc=0.9609 val_acc=0.9677 val_F1=0.9677 (1.6s)
[I 2026-09-25 14:47:32,312] Trial 12 pruned. 
[CLS] epoch 1/10 loss=0.2201 acc=0.9130 val_acc=0.9494 val_F1=0.9493 (17.7s)
[CLS] epoch 2/10 loss=0.0856 acc=0.9704 val_acc=0.7860 val_F1=0.7412 (3.0s)
[CLS] epoch 3/10 loss=0.0455 acc=0.9874 val_acc=0.9321 val_F1=0.9322 (3.0s)
[I 2026-09-25 14:48:54,643] Trial 13 pruned. 
[CLS] epoch 1/10 loss=0.2272 acc=0.9232 val_acc=0.9786 val_F1=0.9787 (16.5s)
[CLS] epoch 2/10 loss=0.0703 acc=0.9786 val_acc=0.9704 val_F1=0.9703 (1.7s)
[CLS] epoch 3/10 loss=0.0354 acc=0.9885 val_acc=0.9840 val_F1=0.9840 (1.7s)
[CLS] epoch 4/10 loss=0.0379 acc=0.9857 val_acc=0.9711 val_F1=0.9708 (1.7s)
[I 2026-09-25 14:50:16,099] Trial 14 pruned. 
[CLS] epoch 1/10 loss=0.1788 acc=0.9307 val_acc=0.7568 val_F1=0.7035 (17.9s)
[CLS] epoch 2/10 loss=0.0770 acc=0.9738 val_acc=0.9273 val_F1=0.9264 (3.0s)
[CLS] epoch 3/10 loss=0.0456 acc=0.9840 val_acc=0.9735 val_F1=0.9733 (3.0s)
[I 2026-09-25 14:51:38,682] Trial 15 pruned. 
[CLS] epoch 1/10 loss=0.2008 acc=0.9205 val_acc=0.9066 val_F1=0.9063 (16.7s)
[CLS] epoch 2/10 loss=0.0619 acc=0.9789 val_acc=0.9317 val_F1=0.9316 (1.8s)
[CLS] epoch 3/10 loss=0.0528 acc=0.9851 val_acc=0.9490 val_F1=0.9490 (1.8s)
[I 2026-09-25 14:52:57,734] Trial 16 pruned. 
[CLS] epoch 1/10 loss=0.6126 acc=0.8308 val_acc=0.9168 val_F1=0.9157 (16.2s)
[CLS] epoch 2/10 loss=0.2156 acc=0.9460 val_acc=0.9582 val_F1=0.9582 (1.6s)
[CLS] epoch 3/10 loss=0.1271 acc=0.9664 val_acc=0.9735 val_F1=0.9735 (1.6s)
[I 2026-09-25 14:54:15,753] Trial 17 pruned. 
[CLS] epoch 1/10 loss=0.2738 acc=0.9042 val_acc=0.8950 val_F1=0.8956 (20.0s)
[CLS] epoch 2/10 loss=0.0956 acc=0.9688 val_acc=0.8886 val_F1=0.8894 (5.1s)
[CLS] epoch 3/10 loss=0.0535 acc=0.9837 val_acc=0.9660 val_F1=0.9665 (5.2s)
[I 2026-09-25 14:55:46,918] Trial 18 pruned. 
[CLS] epoch 1/10 loss=0.4681 acc=0.8522 val_acc=0.9436 val_F1=0.9433 (16.3s)
[CLS] epoch 2/10 loss=0.1309 acc=0.9633 val_acc=0.9694 val_F1=0.9695 (1.7s)
[CLS] epoch 3/10 loss=0.0673 acc=0.9823 val_acc=0.9874 val_F1=0.9874 (1.6s)
[CLS] epoch 4/10 loss=0.0520 acc=0.9847 val_acc=0.9878 val_F1=0.9878 (1.7s)
[CLS] epoch 5/10 loss=0.0371 acc=0.9901 val_acc=0.9915 val_F1=0.9915 (1.7s)
[CLS] epoch 6/10 loss=0.0387 acc=0.9871 val_acc=0.9905 val_F1=0.9905 (1.7s)
[CLS] epoch 7/10 loss=0.0293 acc=0.9918 val_acc=0.9935 val_F1=0.9935 (1.7s)
[CLS] epoch 8/10 loss=0.0239 acc=0.9922 val_acc=0.9905 val_F1=0.9905 (1.7s)
[CLS] epoch 9/10 loss=0.0247 acc=0.9932 val_acc=0.9929 val_F1=0.9929 (1.8s)
[CLS] epoch 10/10 loss=0.0256 acc=0.9912 val_acc=0.9932 val_F1=0.9932 (1.8s)
[I 2026-09-25 14:57:24,773] Trial 19 pruned. 
[CLS] epoch 1/10 loss=0.2971 acc=0.9029 val_acc=0.9640 val_F1=0.9635 (16.2s)
[CLS] epoch 2/10 loss=0.0773 acc=0.9759 val_acc=0.9854 val_F1=0.9854 (1.6s)
[CLS] epoch 3/10 loss=0.0500 acc=0.9861 val_acc=0.9715 val_F1=0.9714 (1.6s)
[CLS] epoch 4/10 loss=0.0471 acc=0.9861 val_acc=0.9857 val_F1=0.9857 (1.8s)
[I 2026-09-25 14:58:46,892] Trial 20 pruned. 
[CLS] epoch 1/10 loss=0.1875 acc=0.9249 val_acc=0.9698 val_F1=0.9699 (18.5s)
[CLS] epoch 2/10 loss=0.0795 acc=0.9715 val_acc=0.8886 val_F1=0.8845 (3.0s)
[CLS] epoch 3/10 loss=0.0518 acc=0.9837 val_acc=0.9344 val_F1=0.9338 (3.0s)
[I 2026-09-25 15:00:11,583] Trial 21 pruned. 
[CLS] epoch 1/10 loss=0.4661 acc=0.8434 val_acc=0.9518 val_F1=0.9519 (16.3s)
[CLS] epoch 2/10 loss=0.1313 acc=0.9613 val_acc=0.9830 val_F1=0.9830 (1.6s)
[CLS] epoch 3/10 loss=0.0664 acc=0.9796 val_acc=0.9874 val_F1=0.9874 (1.6s)
[CLS] epoch 4/10 loss=0.0490 acc=0.9857 val_acc=0.9871 val_F1=0.9871 (1.6s)
[CLS] epoch 5/10 loss=0.0396 acc=0.9912 val_acc=0.9915 val_F1=0.9915 (1.6s)
[CLS] epoch 6/10 loss=0.0425 acc=0.9888 val_acc=0.9918 val_F1=0.9918 (1.6s)
[CLS] epoch 7/10 loss=0.0288 acc=0.9912 val_acc=0.9946 val_F1=0.9946 (1.7s)
[CLS] epoch 8/10 loss=0.0242 acc=0.9935 val_acc=0.9912 val_F1=0.9912 (1.7s)
[CLS] epoch 9/10 loss=0.0262 acc=0.9918 val_acc=0.9939 val_F1=0.9939 (1.8s)
[CLS] epoch 10/10 loss=0.0234 acc=0.9932 val_acc=0.9942 val_F1=0.9942 (1.9s)
[I 2026-09-25 15:01:50,488] Trial 22 finished with value: 0.005435033442809378 and parameters: {'lr': 0.0003754948960496151, 'batch_size': 32, 'base_channels': 16, 'channel_plan': 'shallow', 'dropout': 0.1810582585265165, 'weight_decay': 0.0016377089208453601}. Best is trial 22 with value: 0.005435033442809378.
[CLS] epoch 1/10 loss=0.3415 acc=0.9012 val_acc=0.9708 val_F1=0.9708 (16.7s)
[CLS] epoch 2/10 loss=0.0805 acc=0.9769 val_acc=0.9735 val_F1=0.9734 (1.6s)
[CLS] epoch 3/10 loss=0.0403 acc=0.9881 val_acc=0.9861 val_F1=0.9861 (1.6s)
[CLS] epoch 4/10 loss=0.0327 acc=0.9885 val_acc=0.9885 val_F1=0.9884 (1.9s)
[CLS] epoch 5/10 loss=0.0300 acc=0.9918 val_acc=0.9888 val_F1=0.9888 (1.9s)
[I 2026-09-25 15:02:35,217] Trial 23 pruned. 
[CLS] epoch 1/10 loss=0.3871 acc=0.8753 val_acc=0.9671 val_F1=0.9670 (16.3s)
[CLS] epoch 2/10 loss=0.0951 acc=0.9725 val_acc=0.9796 val_F1=0.9797 (1.7s)
[CLS] epoch 3/10 loss=0.0507 acc=0.9834 val_acc=0.9810 val_F1=0.9809 (1.7s)
[I 2026-09-25 15:03:53,846] Trial 24 pruned. 
C:\Users\KENKINIKI\Desktop\New folder (2)\src\optimization\search.py:129: ExperimentalWarning: optuna.visualization.matplotlib._optimization_history.plot_optimization_history is experimental (supported from v2.2.0). The interface can change in the future.
  ax = ovm.plot_optimization_history(study)
C:\Users\KENKINIKI\Desktop\New folder (2)\src\optimization\search.py:136: ExperimentalWarning: optuna.visualization.matplotlib._param_importances.plot_param_importances is experimental (supported from v2.2.0). The interface can change in the future.
  ax = ovm.plot_param_importances(study)
C:\Users\KENKINIKI\Desktop\New folder (2)\src\optimization\search.py:142: ExperimentalWarning: optuna.visualization.matplotlib._intermediate_values.plot_intermediate_values is experimental (supported from v2.2.0). The interface can change in the future.
  ax = ovm.plot_intermediate_values(study)
[optuna] best value 0.005435033442809378 params {'lr': 0.0003754948960496151, 'batch_size': 32, 'base_channels': 16, 'channel_plan': 'shallow', 'dropout': 0.1810582585265165, 'weight_decay': 0.0016377089208453601}
