[I 2026-09-25 15:06:18,759] A new study created in RDB with name: task2_specialists_shared_final
[optuna] study task2_specialists_shared_final: 0 finished trials, running 20 more
[T2-salt_pepper-trial0] epoch 1/10 train_loss=0.2128 val_L1=0.1079 val_SSIM=0.4076 val_PSNR=16.66 J=0.3501 (17.3s)
[T2-salt_pepper-trial0] epoch 2/10 train_loss=0.1740 val_L1=0.0839 val_SSIM=0.4927 val_PSNR=18.85 J=0.2956 (5.6s)
[T2-salt_pepper-trial0] epoch 3/10 train_loss=0.1634 val_L1=0.0765 val_SSIM=0.5033 val_PSNR=19.67 J=0.2866 (6.4s)
[T2-salt_pepper-trial0] epoch 4/10 train_loss=0.1568 val_L1=0.0687 val_SSIM=0.5277 val_PSNR=20.48 J=0.2705 (6.8s)
[T2-salt_pepper-trial0] epoch 5/10 train_loss=0.1528 val_L1=0.0719 val_SSIM=0.5267 val_PSNR=20.36 J=0.2726 (6.7s)
[T2-salt_pepper-trial0] epoch 6/10 train_loss=0.1482 val_L1=0.0642 val_SSIM=0.5432 val_PSNR=21.00 J=0.2605 (6.7s)
[T2-salt_pepper-trial0] epoch 7/10 train_loss=0.1452 val_L1=0.0664 val_SSIM=0.5492 val_PSNR=21.02 J=0.2586 (6.7s)
[T2-salt_pepper-trial0] epoch 8/10 train_loss=0.1431 val_L1=0.0620 val_SSIM=0.5623 val_PSNR=21.37 J=0.2499 (6.7s)
[T2-salt_pepper-trial0] epoch 9/10 train_loss=0.1417 val_L1=0.0602 val_SSIM=0.5652 val_PSNR=21.55 J=0.2475 (6.7s)
[T2-salt_pepper-trial0] epoch 10/10 train_loss=0.1405 val_L1=0.0604 val_SSIM=0.5681 val_PSNR=21.57 J=0.2461 (6.7s)
[T2-blur-trial0] epoch 1/10 train_loss=0.2173 val_L1=0.0966 val_SSIM=0.4318 val_PSNR=17.78 J=0.3324 (18.3s)
[T2-blur-trial0] epoch 2/10 train_loss=0.1737 val_L1=0.0847 val_SSIM=0.4841 val_PSNR=18.78 J=0.3003 (6.5s)
[T2-blur-trial0] epoch 3/10 train_loss=0.1615 val_L1=0.0751 val_SSIM=0.5192 val_PSNR=19.77 J=0.2779 (6.7s)
[T2-blur-trial0] epoch 4/10 train_loss=0.1552 val_L1=0.0700 val_SSIM=0.5323 val_PSNR=20.37 J=0.2689 (6.7s)
[T2-blur-trial0] epoch 5/10 train_loss=0.1504 val_L1=0.0693 val_SSIM=0.5448 val_PSNR=20.60 J=0.2623 (6.7s)
[T2-blur-trial0] epoch 6/10 train_loss=0.1457 val_L1=0.0632 val_SSIM=0.5566 val_PSNR=21.16 J=0.2533 (6.7s)
[T2-blur-trial0] epoch 7/10 train_loss=0.1428 val_L1=0.0650 val_SSIM=0.5596 val_PSNR=21.16 J=0.2527 (7.3s)
[T2-blur-trial0] epoch 8/10 train_loss=0.1407 val_L1=0.0618 val_SSIM=0.5709 val_PSNR=21.47 J=0.2455 (7.2s)
[T2-blur-trial0] epoch 9/10 train_loss=0.1394 val_L1=0.0601 val_SSIM=0.5764 val_PSNR=21.64 J=0.2419 (7.8s)
[T2-blur-trial0] epoch 10/10 train_loss=0.1382 val_L1=0.0593 val_SSIM=0.5794 val_PSNR=21.72 J=0.2400 (8.1s)
[T2-occlusion-trial0] epoch 1/10 train_loss=0.2335 val_L1=0.1189 val_SSIM=0.3914 val_PSNR=15.93 J=0.3638 (17.6s)
[T2-occlusion-trial0] epoch 2/10 train_loss=0.2024 val_L1=0.0999 val_SSIM=0.4355 val_PSNR=17.52 J=0.3322 (6.7s)
[T2-occlusion-trial0] epoch 3/10 train_loss=0.1915 val_L1=0.1185 val_SSIM=0.4278 val_PSNR=15.73 J=0.3454 (6.7s)
[T2-occlusion-trial0] epoch 4/10 train_loss=0.1856 val_L1=0.1375 val_SSIM=0.4011 val_PSNR=13.89 J=0.3682 (6.7s)
[T2-occlusion-trial0] epoch 5/10 train_loss=0.1820 val_L1=0.1304 val_SSIM=0.4328 val_PSNR=14.86 J=0.3488 (6.7s)
[T2-occlusion-trial0] epoch 6/10 train_loss=0.1781 val_L1=0.0950 val_SSIM=0.4828 val_PSNR=17.75 J=0.3061 (7.1s)
[T2-occlusion-trial0] epoch 7/10 train_loss=0.1752 val_L1=0.1288 val_SSIM=0.4480 val_PSNR=15.12 J=0.3404 (7.5s)
[T2-occlusion-trial0] epoch 8/10 train_loss=0.1732 val_L1=0.0882 val_SSIM=0.5013 val_PSNR=18.47 J=0.2935 (8.3s)
[T2-occlusion-trial0] epoch 9/10 train_loss=0.1710 val_L1=0.0872 val_SSIM=0.5069 val_PSNR=18.60 J=0.2901 (8.1s)
[T2-occlusion-trial0] epoch 10/10 train_loss=0.1704 val_L1=0.0877 val_SSIM=0.5061 val_PSNR=18.56 J=0.2908 (8.5s)
[I 2026-09-25 15:11:24,368] Trial 0 finished with value: 0.25875040008753974 and parameters: {'lr': 0.001, 'batch_size': 32, 'bottleneck': '8x8x16', 'base_channels': 32, 'alpha': 0.8}. Best is trial 0 with value: 0.25875040008753974.
[T2-salt_pepper-trial1] epoch 1/10 train_loss=0.1421 val_L1=0.0740 val_SSIM=0.5589 val_PSNR=19.93 J=0.2576 (20.3s)
[T2-salt_pepper-trial1] epoch 2/10 train_loss=0.1129 val_L1=0.0599 val_SSIM=0.6053 val_PSNR=21.85 J=0.2273 (9.4s)
[T2-salt_pepper-trial1] epoch 3/10 train_loss=0.1058 val_L1=0.0612 val_SSIM=0.6181 val_PSNR=21.75 J=0.2216 (9.8s)
[T2-salt_pepper-trial1] epoch 4/10 train_loss=0.1028 val_L1=0.0603 val_SSIM=0.6244 val_PSNR=22.13 J=0.2179 (11.5s)
[T2-salt_pepper-trial1] epoch 5/10 train_loss=0.0999 val_L1=0.0555 val_SSIM=0.6486 val_PSNR=22.67 J=0.2034 (11.6s)
[T2-salt_pepper-trial1] epoch 6/10 train_loss=0.0968 val_L1=0.0573 val_SSIM=0.6502 val_PSNR=22.61 J=0.2036 (12.8s)
[T2-salt_pepper-trial1] epoch 7/10 train_loss=0.0950 val_L1=0.0500 val_SSIM=0.6672 val_PSNR=23.38 J=0.1914 (12.8s)
[T2-salt_pepper-trial1] epoch 8/10 train_loss=0.0929 val_L1=0.0523 val_SSIM=0.6650 val_PSNR=23.09 J=0.1936 (13.5s)
[T2-salt_pepper-trial1] epoch 9/10 train_loss=0.0922 val_L1=0.0498 val_SSIM=0.6759 val_PSNR=23.50 J=0.1869 (14.8s)
[T2-salt_pepper-trial1] epoch 10/10 train_loss=0.0913 val_L1=0.0503 val_SSIM=0.6782 val_PSNR=23.48 J=0.1861 (14.2s)
[T2-blur-trial1] epoch 1/10 train_loss=0.1385 val_L1=0.0721 val_SSIM=0.5678 val_PSNR=20.35 J=0.2521 (21.0s)
[T2-blur-trial1] epoch 2/10 train_loss=0.1091 val_L1=0.0573 val_SSIM=0.6303 val_PSNR=22.27 J=0.2135 (9.5s)
[T2-blur-trial1] epoch 3/10 train_loss=0.1029 val_L1=0.0604 val_SSIM=0.6435 val_PSNR=22.03 J=0.2085 (11.1s)
[T2-blur-trial1] epoch 4/10 train_loss=0.0999 val_L1=0.0554 val_SSIM=0.6554 val_PSNR=22.68 J=0.2000 (11.7s)
[T2-blur-trial1] epoch 5/10 train_loss=0.0975 val_L1=0.0542 val_SSIM=0.6609 val_PSNR=22.94 J=0.1967 (13.5s)
[T2-blur-trial1] epoch 6/10 train_loss=0.0944 val_L1=0.0564 val_SSIM=0.6666 val_PSNR=22.79 J=0.1949 (14.1s)
[T2-blur-trial1] epoch 7/10 train_loss=0.0929 val_L1=0.0482 val_SSIM=0.6848 val_PSNR=23.70 J=0.1817 (14.7s)
[T2-blur-trial1] epoch 8/10 train_loss=0.0906 val_L1=0.0501 val_SSIM=0.6808 val_PSNR=23.48 J=0.1847 (14.7s)
[T2-blur-trial1] epoch 9/10 train_loss=0.0898 val_L1=0.0487 val_SSIM=0.6912 val_PSNR=23.72 J=0.1787 (15.1s)
[T2-blur-trial1] epoch 10/10 train_loss=0.0888 val_L1=0.0499 val_SSIM=0.6932 val_PSNR=23.63 J=0.1783 (15.5s)
[T2-occlusion-trial1] epoch 1/10 train_loss=0.1671 val_L1=0.1167 val_SSIM=0.4563 val_PSNR=15.37 J=0.3302 (20.5s)
[T2-occlusion-trial1] epoch 2/10 train_loss=0.1389 val_L1=0.0776 val_SSIM=0.5331 val_PSNR=19.35 J=0.2722 (9.5s)
[T2-occlusion-trial1] epoch 3/10 train_loss=0.1313 val_L1=0.0776 val_SSIM=0.5468 val_PSNR=19.32 J=0.2654 (10.9s)
[T2-occlusion-trial1] epoch 4/10 train_loss=0.1279 val_L1=0.0966 val_SSIM=0.5368 val_PSNR=16.70 J=0.2799 (13.3s)
[T2-occlusion-trial1] epoch 5/10 train_loss=0.1248 val_L1=0.0820 val_SSIM=0.5509 val_PSNR=18.73 J=0.2655 (13.8s)
[T2-occlusion-trial1] epoch 6/10 train_loss=0.1212 val_L1=0.0804 val_SSIM=0.5641 val_PSNR=19.16 J=0.2581 (14.8s)
[T2-occlusion-trial1] epoch 7/10 train_loss=0.1196 val_L1=0.1024 val_SSIM=0.5402 val_PSNR=16.30 J=0.2811 (15.6s)
[T2-occlusion-trial1] epoch 8/10 train_loss=0.1180 val_L1=0.0678 val_SSIM=0.5845 val_PSNR=19.94 J=0.2416 (16.0s)
[T2-occlusion-trial1] epoch 9/10 train_loss=0.1164 val_L1=0.0667 val_SSIM=0.5889 val_PSNR=20.40 J=0.2389 (16.6s)
[T2-occlusion-trial1] epoch 10/10 train_loss=0.1155 val_L1=0.0686 val_SSIM=0.5900 val_PSNR=20.29 J=0.2393 (16.8s)
[I 2026-09-25 15:19:36,159] Trial 1 finished with value: 0.20110323425868284 and parameters: {'lr': 0.0003574712922600243, 'batch_size': 16, 'bottleneck': '16x16x8', 'base_channels': 48, 'alpha': 0.8745991883601898}. Best is trial 1 with value: 0.20110323425868284.
[T2-salt_pepper-trial2] epoch 1/10 train_loss=0.1939 val_L1=0.0926 val_SSIM=0.4788 val_PSNR=18.60 J=0.3069 (21.0s)
[T2-salt_pepper-trial2] epoch 2/10 train_loss=0.1448 val_L1=0.0730 val_SSIM=0.5395 val_PSNR=20.27 J=0.2668 (9.1s)
[T2-salt_pepper-trial2] epoch 3/10 train_loss=0.1291 val_L1=0.0692 val_SSIM=0.5635 val_PSNR=20.81 J=0.2529 (10.9s)
[T2-salt_pepper-trial2] epoch 4/10 train_loss=0.1209 val_L1=0.0630 val_SSIM=0.5809 val_PSNR=21.55 J=0.2410 (12.1s)
[T2-salt_pepper-trial2] epoch 5/10 train_loss=0.1163 val_L1=0.0600 val_SSIM=0.5981 val_PSNR=21.89 J=0.2309 (13.0s)
[T2-salt_pepper-trial2] epoch 6/10 train_loss=0.1120 val_L1=0.0596 val_SSIM=0.5949 val_PSNR=22.03 J=0.2323 (13.4s)
[T2-salt_pepper-trial2] epoch 7/10 train_loss=0.1105 val_L1=0.0581 val_SSIM=0.6042 val_PSNR=22.08 J=0.2269 (14.4s)
[T2-salt_pepper-trial2] epoch 8/10 train_loss=0.1094 val_L1=0.0583 val_SSIM=0.6101 val_PSNR=22.15 J=0.2241 (15.3s)
[T2-salt_pepper-trial2] epoch 9/10 train_loss=0.1085 val_L1=0.0561 val_SSIM=0.6113 val_PSNR=22.38 J=0.2224 (16.4s)
[T2-salt_pepper-trial2] epoch 10/10 train_loss=0.1077 val_L1=0.0571 val_SSIM=0.6103 val_PSNR=22.32 J=0.2234 (15.6s)
[T2-blur-trial2] epoch 1/10 train_loss=0.1896 val_L1=0.1026 val_SSIM=0.4751 val_PSNR=18.00 J=0.3137 (19.9s)
[T2-blur-trial2] epoch 2/10 train_loss=0.1414 val_L1=0.0727 val_SSIM=0.5553 val_PSNR=20.35 J=0.2587 (8.9s)
[T2-blur-trial2] epoch 3/10 train_loss=0.1253 val_L1=0.0658 val_SSIM=0.5833 val_PSNR=21.15 J=0.2413 (11.1s)
[T2-blur-trial2] epoch 4/10 train_loss=0.1163 val_L1=0.0599 val_SSIM=0.5979 val_PSNR=21.94 J=0.2310 (11.4s)
[T2-blur-trial2] epoch 5/10 train_loss=0.1114 val_L1=0.0574 val_SSIM=0.6090 val_PSNR=22.11 J=0.2242 (12.8s)
[T2-blur-trial2] epoch 6/10 train_loss=0.1069 val_L1=0.0565 val_SSIM=0.6153 val_PSNR=22.45 J=0.2206 (13.0s)
[T2-blur-trial2] epoch 7/10 train_loss=0.1055 val_L1=0.0547 val_SSIM=0.6237 val_PSNR=22.60 J=0.2155 (13.2s)
[T2-blur-trial2] epoch 8/10 train_loss=0.1041 val_L1=0.0543 val_SSIM=0.6281 val_PSNR=22.68 J=0.2131 (13.5s)
[T2-blur-trial2] epoch 9/10 train_loss=0.1033 val_L1=0.0519 val_SSIM=0.6298 val_PSNR=22.94 J=0.2111 (12.6s)
[T2-blur-trial2] epoch 10/10 train_loss=0.1021 val_L1=0.0534 val_SSIM=0.6287 val_PSNR=22.81 J=0.2124 (14.1s)
[T2-occlusion-trial2] epoch 1/10 train_loss=0.2135 val_L1=0.1446 val_SSIM=0.3895 val_PSNR=14.18 J=0.3776 (20.5s)
[T2-occlusion-trial2] epoch 2/10 train_loss=0.1693 val_L1=0.0932 val_SSIM=0.4720 val_PSNR=17.99 J=0.3106 (8.9s)
[T2-occlusion-trial2] epoch 3/10 train_loss=0.1541 val_L1=0.0915 val_SSIM=0.4894 val_PSNR=18.03 J=0.3011 (10.6s)
[T2-occlusion-trial2] epoch 4/10 train_loss=0.1459 val_L1=0.0809 val_SSIM=0.5127 val_PSNR=19.16 J=0.2841 (11.3s)
[T2-occlusion-trial2] epoch 5/10 train_loss=0.1414 val_L1=0.0817 val_SSIM=0.5205 val_PSNR=18.66 J=0.2806 (12.8s)
[T2-occlusion-trial2] epoch 6/10 train_loss=0.1374 val_L1=0.0770 val_SSIM=0.5294 val_PSNR=19.40 J=0.2738 (13.7s)
[T2-occlusion-trial2] epoch 7/10 train_loss=0.1362 val_L1=0.0783 val_SSIM=0.5345 val_PSNR=18.98 J=0.2719 (13.0s)
[T2-occlusion-trial2] epoch 8/10 train_loss=0.1343 val_L1=0.0737 val_SSIM=0.5417 val_PSNR=19.62 J=0.2660 (14.0s)
[T2-occlusion-trial2] epoch 9/10 train_loss=0.1337 val_L1=0.0780 val_SSIM=0.5361 val_PSNR=18.92 J=0.2709 (13.6s)
[T2-occlusion-trial2] epoch 10/10 train_loss=0.1324 val_L1=0.0737 val_SSIM=0.5417 val_PSNR=19.70 J=0.2660 (13.1s)
[I 2026-09-25 15:27:32,124] Trial 2 finished with value: 0.23314166255295277 and parameters: {'lr': 0.00020589728197687926, 'batch_size': 64, 'bottleneck': '16x16x8', 'base_channels': 48, 'alpha': 0.8533291826268561}. Best is trial 1 with value: 0.20110323425868284.
[T2-salt_pepper-trial3] epoch 1/10 train_loss=0.2422 val_L1=0.1201 val_SSIM=0.4598 val_PSNR=16.42 J=0.3302 (15.4s)
[T2-salt_pepper-trial3] epoch 2/10 train_loss=0.1913 val_L1=0.0976 val_SSIM=0.5133 val_PSNR=18.09 J=0.2922 (4.0s)
[T2-salt_pepper-trial3] epoch 3/10 train_loss=0.1703 val_L1=0.0865 val_SSIM=0.5389 val_PSNR=19.08 J=0.2738 (4.2s)
[T2-salt_pepper-trial3] epoch 4/10 train_loss=0.1578 val_L1=0.0763 val_SSIM=0.5608 val_PSNR=20.08 J=0.2578 (4.2s)
[T2-salt_pepper-trial3] epoch 5/10 train_loss=0.1497 val_L1=0.0744 val_SSIM=0.5686 val_PSNR=20.28 J=0.2529 (4.2s)
[T2-salt_pepper-trial3] epoch 6/10 train_loss=0.1437 val_L1=0.0696 val_SSIM=0.5815 val_PSNR=20.82 J=0.2440 (4.2s)
[T2-salt_pepper-trial3] epoch 7/10 train_loss=0.1406 val_L1=0.0678 val_SSIM=0.5870 val_PSNR=21.01 J=0.2404 (4.9s)
[T2-salt_pepper-trial3] epoch 8/10 train_loss=0.1383 val_L1=0.0653 val_SSIM=0.5912 val_PSNR=21.29 J=0.2370 (4.6s)
[T2-salt_pepper-trial3] epoch 9/10 train_loss=0.1374 val_L1=0.0649 val_SSIM=0.5913 val_PSNR=21.34 J=0.2368 (4.7s)
[T2-salt_pepper-trial3] epoch 10/10 train_loss=0.1367 val_L1=0.0652 val_SSIM=0.5916 val_PSNR=21.32 J=0.2368 (5.1s)
[T2-blur-trial3] epoch 1/10 train_loss=0.2388 val_L1=0.1198 val_SSIM=0.4721 val_PSNR=16.62 J=0.3238 (15.2s)
[T2-blur-trial3] epoch 2/10 train_loss=0.1871 val_L1=0.0984 val_SSIM=0.5307 val_PSNR=18.15 J=0.2839 (4.3s)
[T2-blur-trial3] epoch 3/10 train_loss=0.1650 val_L1=0.0839 val_SSIM=0.5635 val_PSNR=19.32 J=0.2602 (4.3s)
[T2-blur-trial3] epoch 4/10 train_loss=0.1517 val_L1=0.0722 val_SSIM=0.5871 val_PSNR=20.53 J=0.2425 (4.3s)
[T2-blur-trial3] epoch 5/10 train_loss=0.1436 val_L1=0.0715 val_SSIM=0.5954 val_PSNR=20.57 J=0.2380 (4.3s)
[T2-blur-trial3] epoch 6/10 train_loss=0.1373 val_L1=0.0668 val_SSIM=0.6060 val_PSNR=21.18 J=0.2304 (4.2s)
[T2-blur-trial3] epoch 7/10 train_loss=0.1342 val_L1=0.0650 val_SSIM=0.6141 val_PSNR=21.34 J=0.2255 (4.3s)
[T2-blur-trial3] epoch 8/10 train_loss=0.1321 val_L1=0.0634 val_SSIM=0.6164 val_PSNR=21.54 J=0.2235 (4.6s)
[T2-blur-trial3] epoch 9/10 train_loss=0.1310 val_L1=0.0630 val_SSIM=0.6170 val_PSNR=21.60 J=0.2230 (5.1s)
[T2-blur-trial3] epoch 10/10 train_loss=0.1304 val_L1=0.0628 val_SSIM=0.6173 val_PSNR=21.64 J=0.2228 (5.2s)
[T2-occlusion-trial3] epoch 1/10 train_loss=0.2584 val_L1=0.1351 val_SSIM=0.4052 val_PSNR=15.58 J=0.3649 (15.6s)
[T2-occlusion-trial3] epoch 2/10 train_loss=0.2121 val_L1=0.1164 val_SSIM=0.4481 val_PSNR=16.58 J=0.3342 (4.1s)
[T2-occlusion-trial3] epoch 3/10 train_loss=0.1934 val_L1=0.1014 val_SSIM=0.4753 val_PSNR=17.54 J=0.3130 (4.3s)
[T2-occlusion-trial3] epoch 4/10 train_loss=0.1819 val_L1=0.0925 val_SSIM=0.4945 val_PSNR=18.12 J=0.2990 (4.2s)
[T2-occlusion-trial3] epoch 5/10 train_loss=0.1743 val_L1=0.0864 val_SSIM=0.5066 val_PSNR=18.63 J=0.2899 (4.2s)
[T2-occlusion-trial3] epoch 6/10 train_loss=0.1688 val_L1=0.0853 val_SSIM=0.5120 val_PSNR=18.70 J=0.2866 (4.2s)
[T2-occlusion-trial3] epoch 7/10 train_loss=0.1661 val_L1=0.0842 val_SSIM=0.5180 val_PSNR=18.80 J=0.2831 (4.2s)
[T2-occlusion-trial3] epoch 8/10 train_loss=0.1638 val_L1=0.0802 val_SSIM=0.5237 val_PSNR=19.09 J=0.2782 (4.2s)
[T2-occlusion-trial3] epoch 9/10 train_loss=0.1626 val_L1=0.0803 val_SSIM=0.5235 val_PSNR=19.09 J=0.2784 (4.7s)
[T2-occlusion-trial3] epoch 10/10 train_loss=0.1621 val_L1=0.0804 val_SSIM=0.5239 val_PSNR=19.15 J=0.2783 (4.6s)
[I 2026-09-25 15:31:10,580] Trial 3 finished with value: 0.24593981436413268 and parameters: {'lr': 0.00019721610970574026, 'batch_size': 32, 'bottleneck': '16x16x16', 'base_channels': 16, 'alpha': 0.8079048619304705}. Best is trial 1 with value: 0.20110323425868284.
[T2-salt_pepper-trial4] epoch 1/10 train_loss=0.1877 val_L1=0.1130 val_SSIM=0.4286 val_PSNR=16.31 J=0.3422 (21.7s)
[T2-salt_pepper-trial4] epoch 2/10 train_loss=0.1511 val_L1=0.0796 val_SSIM=0.4847 val_PSNR=19.31 J=0.2975 (10.5s)
[T2-salt_pepper-trial4] epoch 3/10 train_loss=0.1423 val_L1=0.0750 val_SSIM=0.5073 val_PSNR=19.79 J=0.2839 (11.3s)
[I 2026-09-25 15:32:08,967] Trial 4 pruned. 
[T2-salt_pepper-trial5] epoch 1/10 train_loss=0.2802 val_L1=0.0772 val_SSIM=0.5103 val_PSNR=19.85 J=0.2835 (16.0s)
[T2-salt_pepper-trial5] epoch 2/10 train_loss=0.2119 val_L1=0.0671 val_SSIM=0.5769 val_PSNR=21.05 J=0.2451 (4.8s)
[T2-salt_pepper-trial5] epoch 3/10 train_loss=0.1910 val_L1=0.0613 val_SSIM=0.6100 val_PSNR=21.74 J=0.2256 (5.6s)
[T2-salt_pepper-trial5] epoch 4/10 train_loss=0.1771 val_L1=0.0578 val_SSIM=0.6415 val_PSNR=22.12 J=0.2082 (5.7s)
[T2-salt_pepper-trial5] epoch 5/10 train_loss=0.1692 val_L1=0.0570 val_SSIM=0.6557 val_PSNR=22.36 J=0.2006 (5.7s)
[T2-salt_pepper-trial5] epoch 6/10 train_loss=0.1613 val_L1=0.0525 val_SSIM=0.6718 val_PSNR=23.02 J=0.1903 (5.8s)
[T2-salt_pepper-trial5] epoch 7/10 train_loss=0.1566 val_L1=0.0545 val_SSIM=0.6647 val_PSNR=22.76 J=0.1949 (5.7s)
[T2-salt_pepper-trial5] epoch 8/10 train_loss=0.1535 val_L1=0.0510 val_SSIM=0.6808 val_PSNR=23.28 J=0.1851 (5.7s)
[T2-salt_pepper-trial5] epoch 9/10 train_loss=0.1514 val_L1=0.0497 val_SSIM=0.6888 val_PSNR=23.42 J=0.1804 (6.1s)
[T2-salt_pepper-trial5] epoch 10/10 train_loss=0.1501 val_L1=0.0485 val_SSIM=0.6986 val_PSNR=23.52 J=0.1749 (6.8s)
[T2-blur-trial5] epoch 1/10 train_loss=0.2837 val_L1=0.0798 val_SSIM=0.5069 val_PSNR=19.62 J=0.2864 (17.5s)
[T2-blur-trial5] epoch 2/10 train_loss=0.2141 val_L1=0.0672 val_SSIM=0.5777 val_PSNR=20.92 J=0.2447 (5.6s)
[T2-blur-trial5] epoch 3/10 train_loss=0.1888 val_L1=0.0579 val_SSIM=0.6243 val_PSNR=22.10 J=0.2168 (5.7s)
[T2-blur-trial5] epoch 4/10 train_loss=0.1733 val_L1=0.0611 val_SSIM=0.6397 val_PSNR=21.68 J=0.2107 (5.8s)
[T2-blur-trial5] epoch 5/10 train_loss=0.1652 val_L1=0.0548 val_SSIM=0.6652 val_PSNR=22.73 J=0.1948 (5.9s)
[T2-blur-trial5] epoch 6/10 train_loss=0.1579 val_L1=0.0542 val_SSIM=0.6763 val_PSNR=22.89 J=0.1889 (6.4s)
[T2-blur-trial5] epoch 7/10 train_loss=0.1530 val_L1=0.0522 val_SSIM=0.6830 val_PSNR=23.10 J=0.1846 (6.9s)
[T2-blur-trial5] epoch 8/10 train_loss=0.1503 val_L1=0.0527 val_SSIM=0.6850 val_PSNR=23.21 J=0.1838 (7.1s)
[T2-blur-trial5] epoch 9/10 train_loss=0.1485 val_L1=0.0490 val_SSIM=0.7013 val_PSNR=23.54 J=0.1738 (7.8s)
[T2-blur-trial5] epoch 10/10 train_loss=0.1470 val_L1=0.0484 val_SSIM=0.7046 val_PSNR=23.66 J=0.1719 (8.0s)
[T2-occlusion-trial5] epoch 1/10 train_loss=0.3097 val_L1=0.1311 val_SSIM=0.4176 val_PSNR=15.59 J=0.3568 (17.8s)
[T2-occlusion-trial5] epoch 2/10 train_loss=0.2523 val_L1=0.0998 val_SSIM=0.4855 val_PSNR=17.21 J=0.3072 (5.7s)
[T2-occlusion-trial5] epoch 3/10 train_loss=0.2315 val_L1=0.0777 val_SSIM=0.5392 val_PSNR=19.21 J=0.2693 (5.7s)
[T2-occlusion-trial5] epoch 4/10 train_loss=0.2212 val_L1=0.1237 val_SSIM=0.4755 val_PSNR=14.22 J=0.3241 (6.1s)
[T2-occlusion-trial5] epoch 5/10 train_loss=0.2149 val_L1=0.1409 val_SSIM=0.4976 val_PSNR=13.22 J=0.3216 (7.1s)
[T2-occlusion-trial5] epoch 6/10 train_loss=0.2073 val_L1=0.0736 val_SSIM=0.5702 val_PSNR=19.65 J=0.2517 (7.3s)
[T2-occlusion-trial5] epoch 7/10 train_loss=0.2040 val_L1=0.0820 val_SSIM=0.5700 val_PSNR=18.15 J=0.2560 (7.6s)
[T2-occlusion-trial5] epoch 8/10 train_loss=0.1996 val_L1=0.0701 val_SSIM=0.5899 val_PSNR=20.07 J=0.2401 (8.1s)
[T2-occlusion-trial5] epoch 9/10 train_loss=0.1978 val_L1=0.0809 val_SSIM=0.5773 val_PSNR=18.04 J=0.2518 (8.2s)
[T2-occlusion-trial5] epoch 10/10 train_loss=0.1962 val_L1=0.0675 val_SSIM=0.5975 val_PSNR=20.25 J=0.2350 (8.1s)
[I 2026-09-25 15:37:35,083] Trial 5 finished with value: 0.19394002306828462 and parameters: {'lr': 0.002442046084491142, 'batch_size': 64, 'bottleneck': '16x16x16', 'base_channels': 32, 'alpha': 0.6264205293593214}. Best is trial 5 with value: 0.19394002306828462.
[T2-salt_pepper-trial6] epoch 1/10 train_loss=0.3344 val_L1=0.1042 val_SSIM=0.4595 val_PSNR=17.09 J=0.3223 (21.4s)
[T2-salt_pepper-trial6] epoch 2/10 train_loss=0.2815 val_L1=0.0846 val_SSIM=0.5226 val_PSNR=18.92 J=0.2810 (10.5s)
[T2-salt_pepper-trial6] epoch 3/10 train_loss=0.2651 val_L1=0.0797 val_SSIM=0.5415 val_PSNR=19.50 J=0.2691 (11.0s)
[I 2026-09-25 15:38:32,690] Trial 6 pruned. 
[T2-salt_pepper-trial7] epoch 1/10 train_loss=0.2820 val_L1=0.0676 val_SSIM=0.5781 val_PSNR=20.82 J=0.2447 (15.2s)
[T2-salt_pepper-trial7] epoch 2/10 train_loss=0.2196 val_L1=0.0624 val_SSIM=0.6184 val_PSNR=21.48 J=0.2220 (4.7s)
[T2-salt_pepper-trial7] epoch 3/10 train_loss=0.2043 val_L1=0.0556 val_SSIM=0.6363 val_PSNR=22.41 J=0.2097 (5.1s)
[T2-salt_pepper-trial7] epoch 4/10 train_loss=0.1952 val_L1=0.0547 val_SSIM=0.6496 val_PSNR=22.56 J=0.2026 (5.9s)
[T2-salt_pepper-trial7] epoch 5/10 train_loss=0.1882 val_L1=0.0523 val_SSIM=0.6656 val_PSNR=22.95 J=0.1933 (5.9s)
[T2-salt_pepper-trial7] epoch 6/10 train_loss=0.1828 val_L1=0.0520 val_SSIM=0.6743 val_PSNR=23.08 J=0.1888 (5.9s)
[T2-salt_pepper-trial7] epoch 7/10 train_loss=0.1791 val_L1=0.0520 val_SSIM=0.6759 val_PSNR=23.08 J=0.1880 (5.9s)
[T2-salt_pepper-trial7] epoch 8/10 train_loss=0.1767 val_L1=0.0497 val_SSIM=0.6882 val_PSNR=23.35 J=0.1808 (5.9s)
[T2-salt_pepper-trial7] epoch 9/10 train_loss=0.1756 val_L1=0.0489 val_SSIM=0.6898 val_PSNR=23.44 J=0.1796 (5.9s)
[T2-salt_pepper-trial7] epoch 10/10 train_loss=0.1746 val_L1=0.0495 val_SSIM=0.6916 val_PSNR=23.41 J=0.1789 (5.9s)
[T2-blur-trial7] epoch 1/10 train_loss=0.2680 val_L1=0.0639 val_SSIM=0.6084 val_PSNR=21.25 J=0.2278 (16.6s)
[T2-blur-trial7] epoch 2/10 train_loss=0.2047 val_L1=0.0595 val_SSIM=0.6496 val_PSNR=21.91 J=0.2049 (5.7s)
[T2-blur-trial7] epoch 3/10 train_loss=0.1899 val_L1=0.0529 val_SSIM=0.6666 val_PSNR=22.81 J=0.1932 (5.9s)
[T2-blur-trial7] epoch 4/10 train_loss=0.1819 val_L1=0.0522 val_SSIM=0.6726 val_PSNR=22.96 J=0.1898 (5.9s)
[T2-blur-trial7] epoch 5/10 train_loss=0.1765 val_L1=0.0494 val_SSIM=0.6908 val_PSNR=23.39 J=0.1793 (6.0s)
[T2-blur-trial7] epoch 6/10 train_loss=0.1717 val_L1=0.0499 val_SSIM=0.6956 val_PSNR=23.42 J=0.1772 (5.9s)
[T2-blur-trial7] epoch 7/10 train_loss=0.1686 val_L1=0.0503 val_SSIM=0.6916 val_PSNR=23.39 J=0.1794 (6.4s)
[T2-blur-trial7] epoch 8/10 train_loss=0.1667 val_L1=0.0466 val_SSIM=0.7078 val_PSNR=23.85 J=0.1694 (7.7s)
[T2-blur-trial7] epoch 9/10 train_loss=0.1656 val_L1=0.0451 val_SSIM=0.7120 val_PSNR=23.99 J=0.1666 (7.7s)
[T2-blur-trial7] epoch 10/10 train_loss=0.1648 val_L1=0.0460 val_SSIM=0.7113 val_PSNR=23.93 J=0.1674 (7.2s)
[T2-occlusion-trial7] epoch 1/10 train_loss=0.3176 val_L1=0.0904 val_SSIM=0.4964 val_PSNR=18.20 J=0.2970 (16.7s)
[T2-occlusion-trial7] epoch 2/10 train_loss=0.2632 val_L1=0.0816 val_SSIM=0.5416 val_PSNR=18.81 J=0.2700 (5.8s)
[T2-occlusion-trial7] epoch 3/10 train_loss=0.2486 val_L1=0.0793 val_SSIM=0.5571 val_PSNR=19.22 J=0.2611 (5.9s)
[T2-occlusion-trial7] epoch 4/10 train_loss=0.2391 val_L1=0.0897 val_SSIM=0.5530 val_PSNR=17.19 J=0.2683 (5.9s)
[T2-occlusion-trial7] epoch 5/10 train_loss=0.2333 val_L1=0.0724 val_SSIM=0.5827 val_PSNR=19.78 J=0.2449 (6.2s)
[T2-occlusion-trial7] epoch 6/10 train_loss=0.2283 val_L1=0.0813 val_SSIM=0.5780 val_PSNR=18.16 J=0.2517 (6.9s)
[T2-occlusion-trial7] epoch 7/10 train_loss=0.2252 val_L1=0.0772 val_SSIM=0.5865 val_PSNR=19.06 J=0.2453 (7.3s)
[T2-occlusion-trial7] epoch 8/10 train_loss=0.2235 val_L1=0.0672 val_SSIM=0.6033 val_PSNR=20.13 J=0.2320 (7.5s)
[T2-occlusion-trial7] epoch 9/10 train_loss=0.2211 val_L1=0.0666 val_SSIM=0.6052 val_PSNR=20.23 J=0.2307 (8.3s)
[T2-occlusion-trial7] epoch 10/10 train_loss=0.2210 val_L1=0.0669 val_SSIM=0.6064 val_PSNR=20.23 J=0.2302 (8.3s)
[I 2026-09-25 15:43:50,098] Trial 7 finished with value: 0.1919214878285277 and parameters: {'lr': 0.00033845220412011414, 'batch_size': 32, 'bottleneck': '16x16x16', 'base_channels': 32, 'alpha': 0.5538174106722358}. Best is trial 7 with value: 0.1919214878285277.
[T2-salt_pepper-trial8] epoch 1/10 train_loss=0.2777 val_L1=0.1041 val_SSIM=0.4190 val_PSNR=17.34 J=0.3426 (17.4s)
[T2-salt_pepper-trial8] epoch 2/10 train_loss=0.2175 val_L1=0.0918 val_SSIM=0.4627 val_PSNR=18.15 J=0.3145 (6.5s)
[T2-salt_pepper-trial8] epoch 3/10 train_loss=0.2026 val_L1=0.0928 val_SSIM=0.4850 val_PSNR=18.39 J=0.3039 (6.5s)
[I 2026-09-25 15:44:33,919] Trial 8 pruned. 
[T2-salt_pepper-trial9] epoch 1/10 train_loss=0.1957 val_L1=0.0909 val_SSIM=0.4365 val_PSNR=18.32 J=0.3272 (17.4s)
[T2-salt_pepper-trial9] epoch 2/10 train_loss=0.1416 val_L1=0.0867 val_SSIM=0.4604 val_PSNR=19.01 J=0.3132 (7.2s)
[T2-salt_pepper-trial9] epoch 3/10 train_loss=0.1288 val_L1=0.0707 val_SSIM=0.5297 val_PSNR=20.63 J=0.2705 (8.5s)
[I 2026-09-25 15:46:00,768] Trial 9 pruned. 
[T2-salt_pepper-trial10] epoch 1/10 train_loss=0.2835 val_L1=0.0689 val_SSIM=0.5720 val_PSNR=20.71 J=0.2485 (15.0s)
[T2-salt_pepper-trial10] epoch 2/10 train_loss=0.2189 val_L1=0.0640 val_SSIM=0.6154 val_PSNR=21.31 J=0.2243 (4.7s)
[T2-salt_pepper-trial10] epoch 3/10 train_loss=0.2034 val_L1=0.0564 val_SSIM=0.6333 val_PSNR=22.27 J=0.2115 (4.7s)
[T2-salt_pepper-trial10] epoch 4/10 train_loss=0.1950 val_L1=0.0554 val_SSIM=0.6445 val_PSNR=22.43 J=0.2054 (4.9s)
[T2-salt_pepper-trial10] epoch 5/10 train_loss=0.1886 val_L1=0.0529 val_SSIM=0.6603 val_PSNR=22.83 J=0.1963 (5.3s)
[T2-salt_pepper-trial10] epoch 6/10 train_loss=0.1835 val_L1=0.0522 val_SSIM=0.6706 val_PSNR=23.00 J=0.1908 (6.0s)
[T2-salt_pepper-trial10] epoch 7/10 train_loss=0.1798 val_L1=0.0517 val_SSIM=0.6721 val_PSNR=23.03 J=0.1898 (5.9s)
[T2-salt_pepper-trial10] epoch 8/10 train_loss=0.1775 val_L1=0.0502 val_SSIM=0.6807 val_PSNR=23.23 J=0.1847 (6.0s)
[T2-salt_pepper-trial10] epoch 9/10 train_loss=0.1766 val_L1=0.0498 val_SSIM=0.6823 val_PSNR=23.29 J=0.1838 (5.9s)
[T2-salt_pepper-trial10] epoch 10/10 train_loss=0.1755 val_L1=0.0501 val_SSIM=0.6841 val_PSNR=23.28 J=0.1830 (5.9s)
[T2-blur-trial10] epoch 1/10 train_loss=0.2691 val_L1=0.0672 val_SSIM=0.6008 val_PSNR=21.00 J=0.2332 (16.2s)
[T2-blur-trial10] epoch 2/10 train_loss=0.2048 val_L1=0.0602 val_SSIM=0.6448 val_PSNR=21.81 J=0.2077 (5.3s)
[T2-blur-trial10] epoch 3/10 train_loss=0.1901 val_L1=0.0541 val_SSIM=0.6621 val_PSNR=22.65 J=0.1960 (5.9s)
[T2-blur-trial10] epoch 4/10 train_loss=0.1821 val_L1=0.0502 val_SSIM=0.6785 val_PSNR=23.11 J=0.1859 (5.9s)
[T2-blur-trial10] epoch 5/10 train_loss=0.1766 val_L1=0.0494 val_SSIM=0.6857 val_PSNR=23.31 J=0.1818 (5.9s)
[T2-blur-trial10] epoch 6/10 train_loss=0.1723 val_L1=0.0508 val_SSIM=0.6876 val_PSNR=23.27 J=0.1816 (5.9s)
[T2-blur-trial10] epoch 7/10 train_loss=0.1691 val_L1=0.0496 val_SSIM=0.6879 val_PSNR=23.39 J=0.1808 (5.9s)
[T2-blur-trial10] epoch 8/10 train_loss=0.1673 val_L1=0.0468 val_SSIM=0.6999 val_PSNR=23.77 J=0.1735 (5.9s)
[T2-blur-trial10] epoch 9/10 train_loss=0.1663 val_L1=0.0459 val_SSIM=0.7052 val_PSNR=23.84 J=0.1703 (5.9s)
[T2-blur-trial10] epoch 10/10 train_loss=0.1656 val_L1=0.0466 val_SSIM=0.7044 val_PSNR=23.81 J=0.1711 (6.2s)
[T2-occlusion-trial10] epoch 1/10 train_loss=0.3165 val_L1=0.1046 val_SSIM=0.4790 val_PSNR=16.63 J=0.3128 (16.7s)
[T2-occlusion-trial10] epoch 2/10 train_loss=0.2621 val_L1=0.0838 val_SSIM=0.5356 val_PSNR=18.57 J=0.2741 (5.7s)
[T2-occlusion-trial10] epoch 3/10 train_loss=0.2476 val_L1=0.0758 val_SSIM=0.5573 val_PSNR=19.39 J=0.2593 (6.1s)
[T2-occlusion-trial10] epoch 4/10 train_loss=0.2387 val_L1=0.0964 val_SSIM=0.5377 val_PSNR=16.51 J=0.2794 (5.9s)
[T2-occlusion-trial10] epoch 5/10 train_loss=0.2328 val_L1=0.0723 val_SSIM=0.5788 val_PSNR=19.79 J=0.2467 (5.9s)
[T2-occlusion-trial10] epoch 6/10 train_loss=0.2281 val_L1=0.0734 val_SSIM=0.5850 val_PSNR=19.34 J=0.2442 (6.2s)
[T2-occlusion-trial10] epoch 7/10 train_loss=0.2250 val_L1=0.0819 val_SSIM=0.5750 val_PSNR=18.47 J=0.2534 (6.6s)
[T2-occlusion-trial10] epoch 8/10 train_loss=0.2234 val_L1=0.0684 val_SSIM=0.5964 val_PSNR=20.06 J=0.2360 (6.6s)
[T2-occlusion-trial10] epoch 9/10 train_loss=0.2211 val_L1=0.0674 val_SSIM=0.5989 val_PSNR=20.12 J=0.2343 (6.8s)
[T2-occlusion-trial10] epoch 10/10 train_loss=0.2210 val_L1=0.0677 val_SSIM=0.5997 val_PSNR=20.15 J=0.2340 (6.7s)
[I 2026-09-25 15:51:03,433] Trial 10 finished with value: 0.1957821122546127 and parameters: {'lr': 0.0002824276700728496, 'batch_size': 32, 'bottleneck': '16x16x16', 'base_channels': 32, 'alpha': 0.5634672639759324}. Best is trial 7 with value: 0.1919214878285277.
[T2-salt_pepper-trial11] epoch 1/10 train_loss=0.3441 val_L1=0.1170 val_SSIM=0.4888 val_PSNR=16.85 J=0.3141 (15.0s)
[T2-salt_pepper-trial11] epoch 2/10 train_loss=0.2643 val_L1=0.0889 val_SSIM=0.5645 val_PSNR=18.90 J=0.2622 (3.9s)
[T2-salt_pepper-trial11] epoch 3/10 train_loss=0.2338 val_L1=0.0783 val_SSIM=0.5966 val_PSNR=19.99 J=0.2409 (4.1s)
[I 2026-09-25 15:51:39,370] Trial 11 pruned. 
[T2-salt_pepper-trial12] epoch 1/10 train_loss=0.2553 val_L1=0.0803 val_SSIM=0.5721 val_PSNR=19.48 J=0.2541 (15.1s)
[T2-salt_pepper-trial12] epoch 2/10 train_loss=0.2024 val_L1=0.0725 val_SSIM=0.6408 val_PSNR=20.59 J=0.2158 (4.7s)
[T2-salt_pepper-trial12] epoch 3/10 train_loss=0.1856 val_L1=0.0666 val_SSIM=0.6693 val_PSNR=21.23 J=0.1987 (4.8s)
[T2-salt_pepper-trial12] epoch 4/10 train_loss=0.1760 val_L1=0.0682 val_SSIM=0.6570 val_PSNR=21.12 J=0.2056 (5.2s)
[T2-salt_pepper-trial12] epoch 5/10 train_loss=0.1700 val_L1=0.0642 val_SSIM=0.7030 val_PSNR=21.60 J=0.1806 (5.6s)
[T2-salt_pepper-trial12] epoch 6/10 train_loss=0.1646 val_L1=0.0640 val_SSIM=0.7107 val_PSNR=21.70 J=0.1767 (5.9s)
[T2-salt_pepper-trial12] epoch 7/10 train_loss=0.1607 val_L1=0.0671 val_SSIM=0.7082 val_PSNR=21.36 J=0.1794 (5.9s)
[T2-salt_pepper-trial12] epoch 8/10 train_loss=0.1585 val_L1=0.0658 val_SSIM=0.7150 val_PSNR=21.54 J=0.1754 (5.9s)
[T2-salt_pepper-trial12] epoch 9/10 train_loss=0.1571 val_L1=0.0614 val_SSIM=0.7259 val_PSNR=22.04 J=0.1678 (5.9s)
[T2-salt_pepper-trial12] epoch 10/10 train_loss=0.1555 val_L1=0.0613 val_SSIM=0.7291 val_PSNR=22.04 J=0.1661 (6.0s)
[T2-blur-trial12] epoch 1/10 train_loss=0.2445 val_L1=0.0657 val_SSIM=0.6123 val_PSNR=21.23 J=0.2267 (17.3s)
[T2-blur-trial12] epoch 2/10 train_loss=0.1877 val_L1=0.0593 val_SSIM=0.6653 val_PSNR=22.14 J=0.1970 (5.4s)
[T2-blur-trial12] epoch 3/10 train_loss=0.1719 val_L1=0.0577 val_SSIM=0.6843 val_PSNR=22.42 J=0.1867 (5.9s)
[T2-blur-trial12] epoch 4/10 train_loss=0.1635 val_L1=0.0531 val_SSIM=0.6976 val_PSNR=23.13 J=0.1777 (5.9s)
[T2-blur-trial12] epoch 5/10 train_loss=0.1576 val_L1=0.0509 val_SSIM=0.7164 val_PSNR=23.29 J=0.1673 (6.0s)
[T2-blur-trial12] epoch 6/10 train_loss=0.1526 val_L1=0.0474 val_SSIM=0.7290 val_PSNR=23.92 J=0.1592 (6.0s)
[T2-blur-trial12] epoch 7/10 train_loss=0.1493 val_L1=0.0499 val_SSIM=0.7294 val_PSNR=23.63 J=0.1602 (5.9s)
[T2-blur-trial12] epoch 8/10 train_loss=0.1468 val_L1=0.0487 val_SSIM=0.7355 val_PSNR=23.85 J=0.1566 (6.0s)
[T2-blur-trial12] epoch 9/10 train_loss=0.1452 val_L1=0.0445 val_SSIM=0.7397 val_PSNR=24.39 J=0.1524 (6.5s)
[T2-blur-trial12] epoch 10/10 train_loss=0.1439 val_L1=0.0450 val_SSIM=0.7419 val_PSNR=24.33 J=0.1516 (6.3s)
[T2-occlusion-trial12] epoch 1/10 train_loss=0.2935 val_L1=0.1324 val_SSIM=0.4620 val_PSNR=14.31 J=0.3352 (17.7s)
[T2-occlusion-trial12] epoch 2/10 train_loss=0.2466 val_L1=0.1155 val_SSIM=0.5281 val_PSNR=15.85 J=0.2937 (5.7s)
[T2-occlusion-trial12] epoch 3/10 train_loss=0.2319 val_L1=0.1127 val_SSIM=0.5396 val_PSNR=15.42 J=0.2866 (5.9s)
[T2-occlusion-trial12] epoch 4/10 train_loss=0.2233 val_L1=0.1220 val_SSIM=0.5213 val_PSNR=14.55 J=0.3004 (5.9s)
[T2-occlusion-trial12] epoch 5/10 train_loss=0.2175 val_L1=0.0812 val_SSIM=0.6079 val_PSNR=19.01 J=0.2367 (5.9s)
[T2-occlusion-trial12] epoch 6/10 train_loss=0.2128 val_L1=0.1121 val_SSIM=0.5619 val_PSNR=15.26 J=0.2751 (6.4s)
[T2-occlusion-trial12] epoch 7/10 train_loss=0.2092 val_L1=0.1072 val_SSIM=0.5818 val_PSNR=16.33 J=0.2627 (7.1s)
[T2-occlusion-trial12] epoch 8/10 train_loss=0.2048 val_L1=0.0736 val_SSIM=0.6212 val_PSNR=19.53 J=0.2262 (7.0s)
[T2-occlusion-trial12] epoch 9/10 train_loss=0.2000 val_L1=0.0677 val_SSIM=0.6293 val_PSNR=20.30 J=0.2192 (7.1s)
[T2-occlusion-trial12] epoch 10/10 train_loss=0.1990 val_L1=0.0665 val_SSIM=0.6337 val_PSNR=20.37 J=0.2164 (7.5s)
[I 2026-09-25 15:56:49,962] Trial 12 finished with value: 0.1780252621333668 and parameters: {'lr': 0.0012047775442488025, 'batch_size': 32, 'bottleneck': '16x16x16', 'base_channels': 32, 'alpha': 0.5850792593794888}. Best is trial 12 with value: 0.1780252621333668.
[T2-salt_pepper-trial13] epoch 1/10 train_loss=0.2405 val_L1=0.0857 val_SSIM=0.5667 val_PSNR=19.03 J=0.2595 (15.2s)
[T2-salt_pepper-trial13] epoch 2/10 train_loss=0.1819 val_L1=0.0743 val_SSIM=0.6083 val_PSNR=20.45 J=0.2330 (3.9s)
[T2-salt_pepper-trial13] epoch 3/10 train_loss=0.1706 val_L1=0.0689 val_SSIM=0.6329 val_PSNR=20.98 J=0.2180 (4.3s)
[T2-salt_pepper-trial13] epoch 4/10 train_loss=0.1630 val_L1=0.0696 val_SSIM=0.6378 val_PSNR=21.00 J=0.2159 (4.2s)
[I 2026-09-25 15:57:30,780] Trial 13 pruned. 
[T2-salt_pepper-trial14] epoch 1/10 train_loss=0.2404 val_L1=0.0691 val_SSIM=0.5662 val_PSNR=20.72 J=0.2515 (15.1s)
[T2-salt_pepper-trial14] epoch 2/10 train_loss=0.1881 val_L1=0.0591 val_SSIM=0.6412 val_PSNR=21.93 J=0.2090 (4.7s)
[T2-salt_pepper-trial14] epoch 3/10 train_loss=0.1729 val_L1=0.0549 val_SSIM=0.6610 val_PSNR=22.63 J=0.1970 (4.7s)
[T2-salt_pepper-trial14] epoch 4/10 train_loss=0.1641 val_L1=0.0540 val_SSIM=0.6731 val_PSNR=22.85 J=0.1905 (5.1s)
[T2-salt_pepper-trial14] epoch 5/10 train_loss=0.1581 val_L1=0.0536 val_SSIM=0.6877 val_PSNR=22.92 J=0.1830 (5.4s)
[T2-salt_pepper-trial14] epoch 6/10 train_loss=0.1531 val_L1=0.0508 val_SSIM=0.6984 val_PSNR=23.37 J=0.1762 (5.5s)
[T2-salt_pepper-trial14] epoch 7/10 train_loss=0.1495 val_L1=0.0545 val_SSIM=0.6973 val_PSNR=22.97 J=0.1786 (5.9s)
[T2-salt_pepper-trial14] epoch 8/10 train_loss=0.1473 val_L1=0.0502 val_SSIM=0.7108 val_PSNR=23.52 J=0.1697 (5.9s)
[T2-salt_pepper-trial14] epoch 9/10 train_loss=0.1459 val_L1=0.0466 val_SSIM=0.7159 val_PSNR=23.92 J=0.1653 (5.9s)
[T2-salt_pepper-trial14] epoch 10/10 train_loss=0.1446 val_L1=0.0468 val_SSIM=0.7177 val_PSNR=23.94 J=0.1646 (5.9s)
[T2-blur-trial14] epoch 1/10 train_loss=0.2294 val_L1=0.0758 val_SSIM=0.5903 val_PSNR=20.15 J=0.2428 (16.6s)
[T2-blur-trial14] epoch 2/10 train_loss=0.1780 val_L1=0.0563 val_SSIM=0.6601 val_PSNR=22.41 J=0.1981 (5.1s)
[T2-blur-trial14] epoch 3/10 train_loss=0.1639 val_L1=0.0533 val_SSIM=0.6872 val_PSNR=22.80 J=0.1831 (5.9s)
[T2-blur-trial14] epoch 4/10 train_loss=0.1563 val_L1=0.0520 val_SSIM=0.6877 val_PSNR=23.18 J=0.1821 (5.9s)
[T2-blur-trial14] epoch 5/10 train_loss=0.1510 val_L1=0.0509 val_SSIM=0.7027 val_PSNR=23.37 J=0.1741 (5.9s)
[T2-blur-trial14] epoch 6/10 train_loss=0.1464 val_L1=0.0454 val_SSIM=0.7174 val_PSNR=24.06 J=0.1640 (5.9s)
[T2-blur-trial14] epoch 7/10 train_loss=0.1433 val_L1=0.0484 val_SSIM=0.7197 val_PSNR=23.78 J=0.1643 (5.9s)
[T2-blur-trial14] epoch 8/10 train_loss=0.1410 val_L1=0.0463 val_SSIM=0.7255 val_PSNR=24.09 J=0.1604 (5.9s)
[T2-blur-trial14] epoch 9/10 train_loss=0.1396 val_L1=0.0422 val_SSIM=0.7304 val_PSNR=24.57 J=0.1559 (5.9s)
[T2-blur-trial14] epoch 10/10 train_loss=0.1386 val_L1=0.0425 val_SSIM=0.7303 val_PSNR=24.56 J=0.1561 (5.9s)
[T2-occlusion-trial14] epoch 1/10 train_loss=0.2780 val_L1=0.0939 val_SSIM=0.5101 val_PSNR=17.83 J=0.2919 (16.4s)
[T2-occlusion-trial14] epoch 2/10 train_loss=0.2302 val_L1=0.0847 val_SSIM=0.5519 val_PSNR=18.20 J=0.2664 (5.3s)
[T2-occlusion-trial14] epoch 3/10 train_loss=0.2160 val_L1=0.0831 val_SSIM=0.5642 val_PSNR=18.00 J=0.2594 (5.9s)
[T2-occlusion-trial14] epoch 4/10 train_loss=0.2079 val_L1=0.1123 val_SSIM=0.5245 val_PSNR=14.92 J=0.2939 (5.9s)
[T2-occlusion-trial14] epoch 5/10 train_loss=0.2025 val_L1=0.0699 val_SSIM=0.5984 val_PSNR=20.05 J=0.2358 (5.9s)
[T2-occlusion-trial14] epoch 6/10 train_loss=0.1979 val_L1=0.0817 val_SSIM=0.5900 val_PSNR=18.02 J=0.2459 (5.9s)
[T2-occlusion-trial14] epoch 7/10 train_loss=0.1942 val_L1=0.0730 val_SSIM=0.6080 val_PSNR=19.63 J=0.2325 (5.9s)
[T2-occlusion-trial14] epoch 8/10 train_loss=0.1925 val_L1=0.0670 val_SSIM=0.6195 val_PSNR=20.37 J=0.2237 (5.9s)
[T2-occlusion-trial14] epoch 9/10 train_loss=0.1898 val_L1=0.0649 val_SSIM=0.6225 val_PSNR=20.38 J=0.2212 (5.9s)
[T2-occlusion-trial14] epoch 10/10 train_loss=0.1895 val_L1=0.0646 val_SSIM=0.6240 val_PSNR=20.51 J=0.2203 (5.9s)
[I 2026-09-25 16:02:28,886] Trial 14 finished with value: 0.18027030406654743 and parameters: {'lr': 0.0007809030682138974, 'batch_size': 32, 'bottleneck': '16x16x16', 'base_channels': 32, 'alpha': 0.6239904511535795}. Best is trial 12 with value: 0.1780252621333668.
[T2-salt_pepper-trial15] epoch 1/10 train_loss=0.2417 val_L1=0.0822 val_SSIM=0.5795 val_PSNR=19.26 J=0.2514 (16.5s)
[T2-salt_pepper-trial15] epoch 2/10 train_loss=0.1917 val_L1=0.0782 val_SSIM=0.6243 val_PSNR=20.12 J=0.2270 (5.2s)
[T2-salt_pepper-trial15] epoch 3/10 train_loss=0.1766 val_L1=0.0669 val_SSIM=0.6650 val_PSNR=21.19 J=0.2009 (5.8s)
[T2-salt_pepper-trial15] epoch 4/10 train_loss=0.1653 val_L1=0.0555 val_SSIM=0.6697 val_PSNR=22.64 J=0.1929 (5.9s)
[T2-salt_pepper-trial15] epoch 5/10 train_loss=0.1563 val_L1=0.0538 val_SSIM=0.6946 val_PSNR=22.91 J=0.1796 (5.9s)
[T2-salt_pepper-trial15] epoch 6/10 train_loss=0.1501 val_L1=0.0507 val_SSIM=0.7095 val_PSNR=23.40 J=0.1706 (5.9s)
[T2-salt_pepper-trial15] epoch 7/10 train_loss=0.1460 val_L1=0.0528 val_SSIM=0.7059 val_PSNR=23.21 J=0.1734 (5.9s)
[T2-salt_pepper-trial15] epoch 8/10 train_loss=0.1438 val_L1=0.0492 val_SSIM=0.7195 val_PSNR=23.70 J=0.1648 (5.9s)
[T2-salt_pepper-trial15] epoch 9/10 train_loss=0.1421 val_L1=0.0458 val_SSIM=0.7257 val_PSNR=24.10 J=0.1600 (5.9s)
[T2-salt_pepper-trial15] epoch 10/10 train_loss=0.1408 val_L1=0.0461 val_SSIM=0.7271 val_PSNR=24.08 J=0.1595 (5.9s)
[T2-blur-trial15] epoch 1/10 train_loss=0.2291 val_L1=0.0662 val_SSIM=0.6039 val_PSNR=21.09 J=0.2312 (16.2s)
[T2-blur-trial15] epoch 2/10 train_loss=0.1767 val_L1=0.0607 val_SSIM=0.6608 val_PSNR=21.96 J=0.2000 (5.2s)
[T2-blur-trial15] epoch 3/10 train_loss=0.1628 val_L1=0.0538 val_SSIM=0.6834 val_PSNR=22.81 J=0.1852 (5.8s)
[T2-blur-trial15] epoch 4/10 train_loss=0.1550 val_L1=0.0556 val_SSIM=0.6865 val_PSNR=22.85 J=0.1846 (5.9s)
[T2-blur-trial15] epoch 5/10 train_loss=0.1499 val_L1=0.0513 val_SSIM=0.7092 val_PSNR=23.27 J=0.1711 (5.9s)
[T2-blur-trial15] epoch 6/10 train_loss=0.1450 val_L1=0.0477 val_SSIM=0.7222 val_PSNR=23.83 J=0.1628 (5.9s)
[T2-blur-trial15] epoch 7/10 train_loss=0.1422 val_L1=0.0495 val_SSIM=0.7239 val_PSNR=23.69 J=0.1628 (5.9s)
[T2-blur-trial15] epoch 8/10 train_loss=0.1400 val_L1=0.0492 val_SSIM=0.7289 val_PSNR=23.78 J=0.1602 (5.9s)
[T2-blur-trial15] epoch 9/10 train_loss=0.1385 val_L1=0.0447 val_SSIM=0.7336 val_PSNR=24.32 J=0.1556 (6.2s)
[T2-blur-trial15] epoch 10/10 train_loss=0.1374 val_L1=0.0456 val_SSIM=0.7345 val_PSNR=24.22 J=0.1555 (5.9s)
[T2-occlusion-trial15] epoch 1/10 train_loss=0.2781 val_L1=0.1045 val_SSIM=0.4946 val_PSNR=16.96 J=0.3050 (15.8s)
[T2-occlusion-trial15] epoch 2/10 train_loss=0.2324 val_L1=0.0865 val_SSIM=0.5531 val_PSNR=18.55 J=0.2667 (4.9s)
[T2-occlusion-trial15] epoch 3/10 train_loss=0.2157 val_L1=0.0732 val_SSIM=0.5816 val_PSNR=19.62 J=0.2458 (5.5s)
[T2-occlusion-trial15] epoch 4/10 train_loss=0.2072 val_L1=0.1023 val_SSIM=0.5508 val_PSNR=15.75 J=0.2757 (5.9s)
[T2-occlusion-trial15] epoch 5/10 train_loss=0.2004 val_L1=0.0728 val_SSIM=0.6025 val_PSNR=19.46 J=0.2352 (5.9s)
[T2-occlusion-trial15] epoch 6/10 train_loss=0.1957 val_L1=0.0684 val_SSIM=0.6132 val_PSNR=19.88 J=0.2276 (6.0s)
[T2-occlusion-trial15] epoch 7/10 train_loss=0.1924 val_L1=0.0870 val_SSIM=0.5944 val_PSNR=17.99 J=0.2463 (6.0s)
[T2-occlusion-trial15] epoch 8/10 train_loss=0.1901 val_L1=0.0682 val_SSIM=0.6227 val_PSNR=20.28 J=0.2228 (5.9s)
[T2-occlusion-trial15] epoch 9/10 train_loss=0.1872 val_L1=0.0648 val_SSIM=0.6265 val_PSNR=20.53 J=0.2192 (5.9s)
[T2-occlusion-trial15] epoch 10/10 train_loss=0.1867 val_L1=0.0643 val_SSIM=0.6292 val_PSNR=20.53 J=0.2175 (5.9s)
[I 2026-09-25 16:06:52,029] Trial 15 finished with value: 0.17752409092002155 and parameters: {'lr': 0.0010412886639406744, 'batch_size': 32, 'bottleneck': '16x16x16', 'base_channels': 32, 'alpha': 0.6257209929944708}. Best is trial 15 with value: 0.17752409092002155.
[T2-salt_pepper-trial16] epoch 1/10 train_loss=0.2833 val_L1=0.0916 val_SSIM=0.5704 val_PSNR=18.58 J=0.2606 (17.0s)
[T2-salt_pepper-trial16] epoch 2/10 train_loss=0.2205 val_L1=0.0741 val_SSIM=0.6415 val_PSNR=20.38 J=0.2163 (4.9s)
[T2-salt_pepper-trial16] epoch 3/10 train_loss=0.2006 val_L1=0.0695 val_SSIM=0.6651 val_PSNR=20.80 J=0.2022 (5.5s)
[T2-salt_pepper-trial16] epoch 4/10 train_loss=0.1896 val_L1=0.0690 val_SSIM=0.6889 val_PSNR=21.00 J=0.1900 (5.6s)
[T2-salt_pepper-trial16] epoch 5/10 train_loss=0.1816 val_L1=0.0655 val_SSIM=0.7141 val_PSNR=21.53 J=0.1757 (5.9s)
[T2-salt_pepper-trial16] epoch 6/10 train_loss=0.1746 val_L1=0.0642 val_SSIM=0.7195 val_PSNR=21.67 J=0.1724 (6.0s)
[T2-salt_pepper-trial16] epoch 7/10 train_loss=0.1699 val_L1=0.0655 val_SSIM=0.7186 val_PSNR=21.52 J=0.1735 (6.0s)
[T2-salt_pepper-trial16] epoch 8/10 train_loss=0.1670 val_L1=0.0662 val_SSIM=0.7294 val_PSNR=21.55 J=0.1684 (5.9s)
[T2-salt_pepper-trial16] epoch 9/10 train_loss=0.1650 val_L1=0.0610 val_SSIM=0.7379 val_PSNR=22.11 J=0.1616 (6.0s)
[T2-salt_pepper-trial16] epoch 10/10 train_loss=0.1633 val_L1=0.0608 val_SSIM=0.7422 val_PSNR=22.15 J=0.1593 (5.9s)
[T2-blur-trial16] epoch 1/10 train_loss=0.2784 val_L1=0.0753 val_SSIM=0.5978 val_PSNR=20.34 J=0.2387 (17.7s)
[T2-blur-trial16] epoch 2/10 train_loss=0.2103 val_L1=0.0649 val_SSIM=0.6505 val_PSNR=21.50 J=0.2072 (5.1s)
[T2-blur-trial16] epoch 3/10 train_loss=0.1900 val_L1=0.0538 val_SSIM=0.6915 val_PSNR=22.87 J=0.1811 (5.7s)
[T2-blur-trial16] epoch 4/10 train_loss=0.1786 val_L1=0.0518 val_SSIM=0.6901 val_PSNR=23.26 J=0.1809 (5.9s)
[T2-blur-trial16] epoch 5/10 train_loss=0.1723 val_L1=0.0508 val_SSIM=0.7231 val_PSNR=23.30 J=0.1639 (5.8s)
[T2-blur-trial16] epoch 6/10 train_loss=0.1656 val_L1=0.0481 val_SSIM=0.7279 val_PSNR=23.82 J=0.1601 (6.0s)
[T2-blur-trial16] epoch 7/10 train_loss=0.1614 val_L1=0.0513 val_SSIM=0.7266 val_PSNR=23.49 J=0.1624 (5.8s)
[T2-blur-trial16] epoch 8/10 train_loss=0.1582 val_L1=0.0474 val_SSIM=0.7388 val_PSNR=24.02 J=0.1543 (6.0s)
[T2-blur-trial16] epoch 9/10 train_loss=0.1563 val_L1=0.0449 val_SSIM=0.7460 val_PSNR=24.37 J=0.1495 (6.0s)
[T2-blur-trial16] epoch 10/10 train_loss=0.1545 val_L1=0.0445 val_SSIM=0.7489 val_PSNR=24.41 J=0.1478 (5.9s)
[T2-occlusion-trial16] epoch 1/10 train_loss=0.3335 val_L1=0.1144 val_SSIM=0.4750 val_PSNR=16.22 J=0.3197 (18.8s)
[T2-occlusion-trial16] epoch 2/10 train_loss=0.2729 val_L1=0.0921 val_SSIM=0.5528 val_PSNR=18.22 J=0.2696 (4.8s)
[T2-occlusion-trial16] epoch 3/10 train_loss=0.2548 val_L1=0.1072 val_SSIM=0.5446 val_PSNR=16.00 J=0.2813 (5.2s)
[T2-occlusion-trial16] epoch 4/10 train_loss=0.2442 val_L1=0.1240 val_SSIM=0.5237 val_PSNR=14.46 J=0.3001 (5.5s)
[T2-occlusion-trial16] epoch 5/10 train_loss=0.2386 val_L1=0.1092 val_SSIM=0.5606 val_PSNR=16.48 J=0.2743 (5.5s)
[T2-occlusion-trial16] epoch 6/10 train_loss=0.2332 val_L1=0.1063 val_SSIM=0.5635 val_PSNR=15.91 J=0.2714 (5.9s)
[T2-occlusion-trial16] epoch 7/10 train_loss=0.2278 val_L1=0.0995 val_SSIM=0.5870 val_PSNR=17.44 J=0.2562 (5.9s)
[T2-occlusion-trial16] epoch 8/10 train_loss=0.2250 val_L1=0.0838 val_SSIM=0.6230 val_PSNR=18.96 J=0.2304 (6.0s)
[T2-occlusion-trial16] epoch 9/10 train_loss=0.2200 val_L1=0.0709 val_SSIM=0.6347 val_PSNR=19.94 J=0.2181 (5.9s)
[T2-occlusion-trial16] epoch 10/10 train_loss=0.2180 val_L1=0.0692 val_SSIM=0.6374 val_PSNR=20.15 J=0.2159 (6.0s)
[I 2026-09-25 16:11:17,457] Trial 16 finished with value: 0.17431027760756188 and parameters: {'lr': 0.0020243011511883132, 'batch_size': 32, 'bottleneck': '16x16x16', 'base_channels': 32, 'alpha': 0.5204940296771613}. Best is trial 16 with value: 0.17431027760756188.
[T2-salt_pepper-trial17] epoch 1/10 train_loss=0.2790 val_L1=0.0879 val_SSIM=0.5219 val_PSNR=18.87 J=0.2830 (20.2s)
[T2-salt_pepper-trial17] epoch 2/10 train_loss=0.2195 val_L1=0.0760 val_SSIM=0.6311 val_PSNR=20.33 J=0.2224 (7.6s)
[T2-salt_pepper-trial17] epoch 3/10 train_loss=0.2010 val_L1=0.0766 val_SSIM=0.6500 val_PSNR=20.28 J=0.2133 (8.5s)
[I 2026-09-25 16:12:09,364] Trial 17 pruned. 
[T2-salt_pepper-trial18] epoch 1/10 train_loss=0.3020 val_L1=0.1115 val_SSIM=0.4394 val_PSNR=16.44 J=0.3361 (15.8s)
[T2-salt_pepper-trial18] epoch 2/10 train_loss=0.2513 val_L1=0.0886 val_SSIM=0.4930 val_PSNR=18.78 J=0.2978 (5.2s)
[T2-salt_pepper-trial18] epoch 3/10 train_loss=0.2346 val_L1=0.0826 val_SSIM=0.5259 val_PSNR=19.31 J=0.2783 (5.3s)
[I 2026-09-25 16:13:29,113] Trial 18 pruned. 
[T2-salt_pepper-trial19] epoch 1/10 train_loss=0.3181 val_L1=0.0972 val_SSIM=0.5023 val_PSNR=17.82 J=0.2975 (16.9s)
[T2-salt_pepper-trial19] epoch 2/10 train_loss=0.2700 val_L1=0.0905 val_SSIM=0.5419 val_PSNR=18.41 J=0.2743 (5.9s)
[T2-salt_pepper-trial19] epoch 3/10 train_loss=0.2523 val_L1=0.0782 val_SSIM=0.5763 val_PSNR=19.73 J=0.2509 (6.1s)
[I 2026-09-25 16:14:54,161] Trial 19 pruned. 
C:\Users\KENKINIKI\Desktop\New folder (2)\src\optimization\search.py:129: ExperimentalWarning: optuna.visualization.matplotlib._optimization_history.plot_optimization_history is experimental (supported from v2.2.0). The interface can change in the future.
  ax = ovm.plot_optimization_history(study)
C:\Users\KENKINIKI\Desktop\New folder (2)\src\optimization\search.py:136: ExperimentalWarning: optuna.visualization.matplotlib._param_importances.plot_param_importances is experimental (supported from v2.2.0). The interface can change in the future.
  ax = ovm.plot_param_importances(study)
C:\Users\KENKINIKI\Desktop\New folder (2)\src\optimization\search.py:142: ExperimentalWarning: optuna.visualization.matplotlib._intermediate_values.plot_intermediate_values is experimental (supported from v2.2.0). The interface can change in the future.
  ax = ovm.plot_intermediate_values(study)
[optuna] best value 0.17431027760756188 params {'lr': 0.0020243011511883132, 'batch_size': 32, 'bottleneck': '16x16x16', 'base_channels': 32, 'alpha': 0.5204940296771613}
